 ******* Program HYDRUS
 ******* 
 Welcome to HYDRUS-1D                                                    
 Date:  30. 6.2026    Time:  22:51:37
 Units: L = cm   , T = days , M = mmol 

----------------------------------------------------------
 Time       [T]        0.0000
----------------------------------------------------------
 Sub-region num.                     1
----------------------------------------------------------
 Length   [L]        0.20000E+03  0.20000E+03
 W-volume [L]        0.47115E+02  0.47115E+02
 In-flow  [L/T]      0.00000E+00  0.00000E+00
 h Mean   [L]       -0.43538E+03 -0.43538E+03
 Top Flux [L/T]     -0.20302E-03
 Bot Flux [L/T]     -0.20302E-03
----------------------------------------------------------

----------------------------------------------------------
 Time       [T]        1.0000
----------------------------------------------------------
 Sub-region num.                     1
----------------------------------------------------------
 Length   [L]        0.20000E+03  0.20000E+03
 W-volume [L]        0.49071E+02  0.49071E+02
 In-flow  [L/T]      0.90877E+00  0.90877E+00
 h Mean   [L]       -0.42433E+03 -0.42433E+03
 Top Flux [L/T]     -0.15514E+01
 Bot Flux [L/T]     -0.20302E-03
 WatBalT  [L]       -0.71132E-02
 WatBalR  [%]              0.203
----------------------------------------------------------

----------------------------------------------------------
 Time       [T]        2.0000
----------------------------------------------------------
 Sub-region num.                     1
----------------------------------------------------------
 Length   [L]        0.20000E+03  0.20000E+03
 W-volume [L]        0.49644E+02  0.49644E+02
 In-flow  [L/T]      0.59225E+00  0.59225E+00
 h Mean   [L]       -0.43249E+03 -0.43249E+03
 Top Flux [L/T]     -0.11002E+01
 Bot Flux [L/T]     -0.20302E-03
 WatBalT  [L]       -0.15297E-01
 WatBalR  [%]              0.294
----------------------------------------------------------

----------------------------------------------------------
 Time       [T]        3.0000
----------------------------------------------------------
 Sub-region num.                     1
----------------------------------------------------------
 Length   [L]        0.20000E+03  0.20000E+03
 W-volume [L]        0.48953E+02  0.48953E+02
 In-flow  [L/T]     -0.95469E+00 -0.95469E+00
 h Mean   [L]       -0.45878E+03 -0.45878E+03
 Top Flux [L/T]     -0.29141E-01
 Bot Flux [L/T]     -0.20302E-03
 WatBalT  [L]        0.41160E-01
 WatBalR  [%]              0.692
----------------------------------------------------------

----------------------------------------------------------
 Time       [T]        4.0000
----------------------------------------------------------
 Sub-region num.                     1
----------------------------------------------------------
 Length   [L]        0.20000E+03  0.20000E+03
 W-volume [L]        0.47972E+02  0.47972E+02
 In-flow  [L/T]     -0.97605E+00 -0.97605E+00
 h Mean   [L]       -0.50675E+03 -0.50675E+03
 Top Flux [L/T]     -0.25676E-01
 Bot Flux [L/T]     -0.20302E-03
 WatBalT  [L]        0.37320E-01
 WatBalR  [%]              0.539
----------------------------------------------------------

----------------------------------------------------------
 Time       [T]        5.0000
----------------------------------------------------------
 Sub-region num.                     1
----------------------------------------------------------
 Length   [L]        0.20000E+03  0.20000E+03
 W-volume [L]        0.47006E+02  0.47006E+02
 In-flow  [L/T]     -0.96038E+00 -0.96038E+00
 h Mean   [L]       -0.58105E+03 -0.58105E+03
 Top Flux [L/T]     -0.23141E-01
 Bot Flux [L/T]     -0.20302E-03
 WatBalT  [L]        0.24921E-01
 WatBalR  [%]              0.316
----------------------------------------------------------

----------------------------------------------------------
 Time       [T]        6.0000
----------------------------------------------------------
 Sub-region num.                     1
----------------------------------------------------------
 Length   [L]        0.20000E+03  0.20000E+03
 W-volume [L]        0.46068E+02  0.46068E+02
 In-flow  [L/T]     -0.92982E+00 -0.92982E+00
 h Mean   [L]       -0.68871E+03 -0.68871E+03
 Top Flux [L/T]     -0.21452E-01
 Bot Flux [L/T]     -0.20302E-03
 WatBalT  [L]        0.67799E-02
 WatBalR  [%]              0.077
----------------------------------------------------------

----------------------------------------------------------
 Time       [T]        7.0000
----------------------------------------------------------
 Sub-region num.                     1
----------------------------------------------------------
 Length   [L]        0.20000E+03  0.20000E+03
 W-volume [L]        0.45157E+02  0.45157E+02
 In-flow  [L/T]     -0.91034E+00 -0.91034E+00
 h Mean   [L]       -0.84042E+03 -0.84042E+03
 Top Flux [L/T]     -0.19532E-01
 Bot Flux [L/T]     -0.20302E-03
 WatBalT  [L]       -0.56200E-01
 WatBalR  [%]              0.582
----------------------------------------------------------
 
 Calculation time [sec]  9.999990463256836E-003
