 ******* Program HYDRUS
 ******* 
 Welcome to HYDRUS-1D                                                    
 Date:  30. 6.2026    Time:  22:51:37
 Units: L = cm   , T = days , M = mmol 
 
 CosAlf,MaxIt,TolTh,  TolH
 1.000   10   0.001 1.00000
 
 TopInF,BotInF,AtmBC,SinkF,WLayer,qGWLF,FreeD,SeepF,lWat,lChem,lTemp,lRoot,lWDep
     T     F     T     T     F     F     T     F     T     F     F     T     F

Nodal point information

node      x         hOld    MatN LayN  Beta      Ah       AK      ATh     Temp    Conc(1...NS)         Sorb(1...NS)

   1      0.000      0.235    1    1   0.000    1.000    1.000    1.000
   2     -2.000      0.235    1    1   0.000    1.000    1.000    1.000
   3     -4.000      0.235    1    1   0.000    1.000    1.000    1.000
   4     -6.000      0.235    1    1   0.000    1.000    1.000    1.000
   5     -8.000      0.235    1    1   0.000    1.000    1.000    1.000
   6    -10.000      0.235    1    1   0.000    1.000    1.000    1.000
   7    -12.000      0.235    1    1   0.000    1.000    1.000    1.000
   8    -14.000      0.235    1    1   0.000    1.000    1.000    1.000
   9    -16.000      0.235    1    1   0.000    1.000    1.000    1.000
  10    -18.000      0.235    1    1   0.000    1.000    1.000    1.000
  11    -20.000      0.235    1    1   0.000    1.000    1.000    1.000
  12    -22.000      0.235    1    1   0.000    1.000    1.000    1.000
  13    -24.000      0.235    1    1   0.000    1.000    1.000    1.000
  14    -26.000      0.235    1    1   0.000    1.000    1.000    1.000
  15    -28.000      0.235    1    1   0.000    1.000    1.000    1.000
  16    -30.000      0.235    1    1   0.000    1.000    1.000    1.000
  17    -32.000      0.235    1    1   0.000    1.000    1.000    1.000
  18    -34.000      0.235    1    1   0.000    1.000    1.000    1.000
  19    -36.000      0.235    1    1   0.000    1.000    1.000    1.000
  20    -38.000      0.235    1    1   0.000    1.000    1.000    1.000
  21    -40.000      0.235    1    1   0.000    1.000    1.000    1.000
  22    -42.000      0.235    1    1   0.000    1.000    1.000    1.000
  23    -44.000      0.235    1    1   0.000    1.000    1.000    1.000
  24    -46.000      0.235    1    1   0.000    1.000    1.000    1.000
  25    -48.000      0.235    1    1   0.000    1.000    1.000    1.000
  26    -50.000      0.235    1    1   0.000    1.000    1.000    1.000
  27    -52.000      0.235    1    1   0.000    1.000    1.000    1.000
  28    -54.000      0.235    1    1   0.000    1.000    1.000    1.000
  29    -56.000      0.235    1    1   0.000    1.000    1.000    1.000
  30    -58.000      0.235    1    1   0.000    1.000    1.000    1.000
  31    -60.000      0.235    1    1   0.000    1.000    1.000    1.000
  32    -62.000      0.235    1    1   0.000    1.000    1.000    1.000
  33    -64.000      0.235    1    1   0.000    1.000    1.000    1.000
  34    -66.000      0.235    1    1   0.000    1.000    1.000    1.000
  35    -68.000      0.235    1    1   0.000    1.000    1.000    1.000
  36    -70.000      0.235    1    1   0.000    1.000    1.000    1.000
  37    -72.000      0.235    1    1   0.000    1.000    1.000    1.000
  38    -74.000      0.235    1    1   0.000    1.000    1.000    1.000
  39    -76.000      0.235    1    1   0.000    1.000    1.000    1.000
  40    -78.000      0.235    1    1   0.000    1.000    1.000    1.000
  41    -80.000      0.235    1    1   0.000    1.000    1.000    1.000
  42    -82.000      0.235    1    1   0.000    1.000    1.000    1.000
  43    -84.000      0.235    1    1   0.000    1.000    1.000    1.000
  44    -86.000      0.235    1    1   0.000    1.000    1.000    1.000
  45    -88.000      0.235    1    1   0.000    1.000    1.000    1.000
  46    -90.000      0.235    1    1   0.000    1.000    1.000    1.000
  47    -92.000      0.235    1    1   0.000    1.000    1.000    1.000
  48    -94.000      0.235    1    1   0.000    1.000    1.000    1.000
  49    -96.000      0.235    1    1   0.000    1.000    1.000    1.000
  50    -98.000      0.235    1    1   0.000    1.000    1.000    1.000
  51   -100.000      0.235    1    1   0.000    1.000    1.000    1.000
  52   -102.000      0.235    1    1   0.000    1.000    1.000    1.000
  53   -104.000      0.235    1    1   0.000    1.000    1.000    1.000
  54   -106.000      0.235    1    1   0.000    1.000    1.000    1.000
  55   -108.000      0.235    1    1   0.000    1.000    1.000    1.000
  56   -110.000      0.235    1    1   0.000    1.000    1.000    1.000
  57   -112.000      0.235    1    1   0.000    1.000    1.000    1.000
  58   -114.000      0.235    1    1   0.000    1.000    1.000    1.000
  59   -116.000      0.235    1    1   0.000    1.000    1.000    1.000
  60   -118.000      0.235    1    1   0.000    1.000    1.000    1.000
  61   -120.000      0.235    1    1   0.000    1.000    1.000    1.000
  62   -122.000      0.235    1    1   0.000    1.000    1.000    1.000
  63   -124.000      0.235    1    1   0.000    1.000    1.000    1.000
  64   -126.000      0.235    1    1   0.000    1.000    1.000    1.000
  65   -128.000      0.235    1    1   0.000    1.000    1.000    1.000
  66   -130.000      0.235    1    1   0.000    1.000    1.000    1.000
  67   -132.000      0.235    1    1   0.000    1.000    1.000    1.000
  68   -134.000      0.235    1    1   0.000    1.000    1.000    1.000
  69   -136.000      0.235    1    1   0.000    1.000    1.000    1.000
  70   -138.000      0.235    1    1   0.000    1.000    1.000    1.000
  71   -140.000      0.235    1    1   0.000    1.000    1.000    1.000
  72   -142.000      0.235    1    1   0.000    1.000    1.000    1.000
  73   -144.000      0.235    1    1   0.000    1.000    1.000    1.000
  74   -146.000      0.235    1    1   0.000    1.000    1.000    1.000
  75   -148.000      0.235    1    1   0.000    1.000    1.000    1.000
  76   -150.000      0.235    1    1   0.000    1.000    1.000    1.000
  77   -152.000      0.235    1    1   0.000    1.000    1.000    1.000
  78   -154.000      0.235    1    1   0.000    1.000    1.000    1.000
  79   -156.000      0.235    1    1   0.000    1.000    1.000    1.000
  80   -158.000      0.235    1    1   0.000    1.000    1.000    1.000
  81   -160.000      0.235    1    1   0.000    1.000    1.000    1.000
  82   -162.000      0.235    1    1   0.000    1.000    1.000    1.000
  83   -164.000      0.235    1    1   0.000    1.000    1.000    1.000
  84   -166.000      0.235    1    1   0.000    1.000    1.000    1.000
  85   -168.000      0.235    1    1   0.000    1.000    1.000    1.000
  86   -170.000      0.235    1    1   0.000    1.000    1.000    1.000
  87   -172.000      0.235    1    1   0.000    1.000    1.000    1.000
  88   -174.000      0.235    1    1   0.000    1.000    1.000    1.000
  89   -176.000      0.235    1    1   0.000    1.000    1.000    1.000
  90   -178.000      0.235    1    1   0.000    1.000    1.000    1.000
  91   -180.000      0.235    1    1   0.000    1.000    1.000    1.000
  92   -182.000      0.235    1    1   0.000    1.000    1.000    1.000
  93   -184.000      0.235    1    1   0.000    1.000    1.000    1.000
  94   -186.000      0.235    1    1   0.000    1.000    1.000    1.000
  95   -188.000      0.235    1    1   0.000    1.000    1.000    1.000
  96   -190.000      0.235    1    1   0.000    1.000    1.000    1.000
  97   -192.000      0.235    1    1   0.000    1.000    1.000    1.000
  98   -194.000      0.235    1    1   0.000    1.000    1.000    1.000
  99   -196.000      0.235    1    1   0.000    1.000    1.000    1.000
 100   -198.000      0.235    1    1   0.000    1.000    1.000    1.000
 101   -200.000      0.235    1    1   0.000    1.000    1.000    1.000
end

 Number of species in the chain :   0


MatNum, Param. array:

   Mat     Qr     Qs        Alfa         n          Ks      l

    1    0.086  0.384   0.157E-01   0.135E+01   0.783E+00  0.500

       Table of Hydraulic Properties which are interpolated in simulation
       =================================================================

  theta         h        log h        C             K        log K          S          Kv
 
  0.3841  -0.100E-05 -0.6000E+01  0.2996E-05  0.7800E+00 -0.1079E+00    1.0000  0.0000E+00
  0.3841  -0.129E-05 -0.5889E+01  0.3277E-05  0.7798E+00 -0.1080E+00    1.0000  0.0000E+00
  0.3841  -0.167E-05 -0.5778E+01  0.3585E-05  0.7795E+00 -0.1082E+00    1.0000  0.0000E+00
  0.3841  -0.215E-05 -0.5667E+01  0.3922E-05  0.7792E+00 -0.1084E+00    1.0000  0.0000E+00
  0.3841  -0.278E-05 -0.5556E+01  0.4290E-05  0.7788E+00 -0.1086E+00    1.0000  0.0000E+00
  0.3841  -0.359E-05 -0.5444E+01  0.4693E-05  0.7784E+00 -0.1088E+00    1.0000  0.0000E+00
  0.3841  -0.464E-05 -0.5333E+01  0.5134E-05  0.7780E+00 -0.1090E+00    1.0000  0.0000E+00
  0.3841  -0.599E-05 -0.5222E+01  0.5617E-05  0.7775E+00 -0.1093E+00    1.0000  0.0000E+00
  0.3841  -0.774E-05 -0.5111E+01  0.6144E-05  0.7770E+00 -0.1096E+00    1.0000  0.0000E+00
  0.3841  -0.100E-04 -0.5000E+01  0.6721E-05  0.7765E+00 -0.1099E+00    1.0000  0.0000E+00
  0.3841  -0.129E-04 -0.4889E+01  0.7353E-05  0.7759E+00 -0.1102E+00    1.0000  0.0000E+00
  0.3841  -0.167E-04 -0.4778E+01  0.8043E-05  0.7752E+00 -0.1106E+00    1.0000  0.0000E+00
  0.3841  -0.215E-04 -0.4667E+01  0.8799E-05  0.7745E+00 -0.1110E+00    1.0000  0.0000E+00
  0.3841  -0.278E-04 -0.4556E+01  0.9625E-05  0.7737E+00 -0.1114E+00    1.0000  0.0000E+00
  0.3841  -0.359E-04 -0.4444E+01  0.1053E-04  0.7729E+00 -0.1119E+00    1.0000  0.0000E+00
  0.3841  -0.464E-04 -0.4333E+01  0.1152E-04  0.7719E+00 -0.1124E+00    1.0000  0.0000E+00
  0.3841  -0.599E-04 -0.4222E+01  0.1260E-04  0.7709E+00 -0.1130E+00    1.0000  0.0000E+00
  0.3841  -0.774E-04 -0.4111E+01  0.1378E-04  0.7698E+00 -0.1136E+00    1.0000  0.0000E+00
  0.3841  -0.100E-03 -0.4000E+01  0.1508E-04  0.7686E+00 -0.1143E+00    1.0000  0.0000E+00
  0.3841  -0.129E-03 -0.3889E+01  0.1649E-04  0.7672E+00 -0.1151E+00    1.0000  0.0000E+00
  0.3841  -0.167E-03 -0.3778E+01  0.1804E-04  0.7658E+00 -0.1159E+00    1.0000  0.0000E+00
  0.3841  -0.215E-03 -0.3667E+01  0.1974E-04  0.7642E+00 -0.1168E+00    1.0000  0.0000E+00
  0.3841  -0.278E-03 -0.3556E+01  0.2159E-04  0.7624E+00 -0.1178E+00    1.0000  0.0000E+00
  0.3841  -0.359E-03 -0.3444E+01  0.2362E-04  0.7605E+00 -0.1189E+00    1.0000  0.0000E+00
  0.3841  -0.464E-03 -0.3333E+01  0.2584E-04  0.7584E+00 -0.1201E+00    1.0000  0.0000E+00
  0.3841  -0.599E-03 -0.3222E+01  0.2827E-04  0.7562E+00 -0.1214E+00    1.0000  0.0000E+00
  0.3841  -0.774E-03 -0.3111E+01  0.3092E-04  0.7537E+00 -0.1228E+00    1.0000  0.1474E-30
  0.3841  -0.100E-02 -0.3000E+01  0.3383E-04  0.7509E+00 -0.1244E+00    1.0000  0.1474E-30
  0.3841  -0.129E-02 -0.2889E+01  0.3700E-04  0.7480E+00 -0.1261E+00    1.0000  0.1474E-30
  0.3841  -0.167E-02 -0.2778E+01  0.4048E-04  0.7447E+00 -0.1280E+00    1.0000  0.1485E-29
  0.3841  -0.215E-02 -0.2667E+01  0.4428E-04  0.7412E+00 -0.1301E+00    1.0000  0.1485E-29
  0.3841  -0.278E-02 -0.2556E+01  0.4844E-04  0.7374E+00 -0.1323E+00    1.0000  0.5738E-29
  0.3841  -0.359E-02 -0.2444E+01  0.5299E-04  0.7331E+00 -0.1348E+00    1.0000  0.3150E-28
  0.3841  -0.464E-02 -0.2333E+01  0.5797E-04  0.7286E+00 -0.1375E+00    1.0000  0.9669E-28
  0.3841  -0.599E-02 -0.2222E+01  0.6341E-04  0.7235E+00 -0.1405E+00    1.0000  0.2234E-27
  0.3841  -0.774E-02 -0.2111E+01  0.6937E-04  0.7181E+00 -0.1438E+00    1.0000  0.7612E-27
  0.3841  -0.100E-01 -0.2000E+01  0.7588E-04  0.7122E+00 -0.1474E+00    1.0000  0.2697E-26
  0.3841  -0.129E-01 -0.1889E+01  0.8301E-04  0.7057E+00 -0.1514E+00    1.0000  0.8701E-26
  0.3841  -0.167E-01 -0.1778E+01  0.9081E-04  0.6986E+00 -0.1558E+00    1.0000  0.2718E-25
  0.3841  -0.215E-01 -0.1667E+01  0.9934E-04  0.6910E+00 -0.1605E+00    1.0000  0.8241E-25
  0.3841  -0.278E-01 -0.1556E+01  0.1087E-03  0.6826E+00 -0.1658E+00    1.0000  0.2622E-24
  0.3841  -0.359E-01 -0.1444E+01  0.1189E-03  0.6736E+00 -0.1716E+00    1.0000  0.8306E-24
  0.3841  -0.464E-01 -0.1333E+01  0.1300E-03  0.6637E+00 -0.1780E+00    1.0000  0.2642E-23
  0.3841  -0.599E-01 -0.1222E+01  0.1422E-03  0.6530E+00 -0.1851E+00    1.0000  0.8372E-23
  0.3841  -0.774E-01 -0.1111E+01  0.1556E-03  0.6414E+00 -0.1929E+00    1.0000  0.2634E-22
  0.3841  -0.100E+00 -0.1000E+01  0.1702E-03  0.6289E+00 -0.2015E+00    1.0000  0.8372E-22
  0.3841  -0.129E+00 -0.8889E+00  0.1862E-03  0.6152E+00 -0.2110E+00    0.9999  0.2640E-21
  0.3841  -0.167E+00 -0.7778E+00  0.2036E-03  0.6005E+00 -0.2215E+00    0.9999  0.8372E-21
  0.3841  -0.215E+00 -0.6667E+00  0.2227E-03  0.5846E+00 -0.2331E+00    0.9999  0.2646E-20
  0.3840  -0.278E+00 -0.5556E+00  0.2436E-03  0.5675E+00 -0.2460E+00    0.9998  0.8372E-20
  0.3840  -0.359E+00 -0.4444E+00  0.2664E-03  0.5491E+00 -0.2604E+00    0.9998  0.2649E-19
  0.3840  -0.464E+00 -0.3333E+00  0.2913E-03  0.5292E+00 -0.2764E+00    0.9997  0.8380E-19
  0.3840  -0.599E+00 -0.2222E+00  0.3184E-03  0.5079E+00 -0.2942E+00    0.9995  0.2649E-18
  0.3839  -0.774E+00 -0.1111E+00  0.3480E-03  0.4852E+00 -0.3141E+00    0.9993  0.8368E-18
  0.3838  -0.100E+01  0.0000E+00  0.3801E-03  0.4609E+00 -0.3364E+00    0.9991  0.2642E-17
  0.3837  -0.129E+01  0.1111E+00  0.4151E-03  0.4351E+00 -0.3615E+00    0.9987  0.8336E-17
  0.3835  -0.167E+01  0.2222E+00  0.4528E-03  0.4077E+00 -0.3897E+00    0.9981  0.2626E-16
  0.3833  -0.215E+01  0.3333E+00  0.4935E-03  0.3788E+00 -0.4215E+00    0.9973  0.8259E-16
  0.3830  -0.278E+01  0.4444E+00  0.5370E-03  0.3486E+00 -0.4577E+00    0.9963  0.2591E-15
  0.3825  -0.359E+01  0.5556E+00  0.5831E-03  0.3171E+00 -0.4988E+00    0.9947  0.8098E-15
  0.3819  -0.464E+01  0.6667E+00  0.6313E-03  0.2846E+00 -0.5458E+00    0.9926  0.2518E-14
  0.3810  -0.599E+01  0.7778E+00  0.6805E-03  0.2514E+00 -0.5996E+00    0.9896  0.7777E-14
  0.3798  -0.774E+01  0.8889E+00  0.7295E-03  0.2180E+00 -0.6616E+00    0.9855  0.2379E-13
  0.3781  -0.100E+02  0.1000E+01  0.7758E-03  0.1848E+00 -0.7332E+00    0.9797  0.7179E-13
  0.3757  -0.129E+02  0.1111E+01  0.8163E-03  0.1527E+00 -0.8162E+00    0.9719  0.2128E-12
  0.3726  -0.167E+02  0.1222E+01  0.8470E-03  0.1223E+00 -0.9124E+00    0.9614  0.6158E-12
  0.3684  -0.215E+02  0.1333E+01  0.8630E-03  0.9461E-01 -0.1024E+01    0.9474  0.1727E-11
  0.3630  -0.278E+02  0.1444E+01  0.8593E-03  0.7026E-01 -0.1153E+01    0.9292  0.4649E-11
  0.3561  -0.359E+02  0.1556E+01  0.8321E-03  0.4989E-01 -0.1302E+01    0.9061  0.1191E-10
  0.3477  -0.464E+02  0.1667E+01  0.7800E-03  0.3375E-01 -0.1472E+01    0.8777  0.2873E-10
  0.3376  -0.599E+02  0.1778E+01  0.7055E-03  0.2172E-01 -0.1663E+01    0.8440  0.6475E-10
  0.3261  -0.774E+02  0.1889E+01  0.6147E-03  0.1330E-01 -0.1876E+01    0.8053  0.1355E-09
  0.3134  -0.100E+03  0.2000E+01  0.5162E-03  0.7777E-02 -0.2109E+01    0.7626  0.2624E-09
  0.2998  -0.129E+03  0.2111E+01  0.4189E-03  0.4359E-02 -0.2361E+01    0.7170  0.4710E-09
  0.2858  -0.167E+03  0.2222E+01  0.3299E-03  0.2358E-02 -0.2628E+01    0.6701  0.7859E-09
  0.2718  -0.215E+03  0.2333E+01  0.2533E-03  0.1238E-02 -0.2907E+01    0.6229  0.1227E-08
  0.2580  -0.278E+03  0.2444E+01  0.1905E-03  0.6348E-03 -0.3197E+01    0.5766  0.1805E-08
  0.2447  -0.359E+03  0.2556E+01  0.1411E-03  0.3197E-03 -0.3495E+01    0.5320  0.2519E-08
  0.2321  -0.464E+03  0.2667E+01  0.1032E-03  0.1588E-03 -0.3799E+01    0.4896  0.3363E-08
  0.2202  -0.599E+03  0.2778E+01  0.7479E-04  0.7811E-04 -0.4107E+01    0.4498  0.4320E-08
  0.2092  -0.774E+03  0.2889E+01  0.5385E-04  0.3813E-04 -0.4419E+01    0.4126  0.5372E-08
  0.1989  -0.100E+04  0.3000E+01  0.3858E-04  0.1851E-04 -0.4733E+01    0.3781  0.6495E-08
  0.1894  -0.129E+04  0.3111E+01  0.2755E-04  0.8953E-05 -0.5048E+01    0.3463  0.7670E-08
  0.1807  -0.167E+04  0.3222E+01  0.1962E-04  0.4318E-05 -0.5365E+01    0.3170  0.8876E-08
  0.1727  -0.215E+04  0.3333E+01  0.1395E-04  0.2078E-05 -0.5682E+01    0.2900  0.1009E-07
  0.1653  -0.278E+04  0.3444E+01  0.9903E-05  0.9988E-06 -0.6001E+01    0.2653  0.1131E-07
  0.1586  -0.359E+04  0.3556E+01  0.7025E-05  0.4796E-06 -0.6319E+01    0.2426  0.1251E-07
  0.1524  -0.464E+04  0.3667E+01  0.4980E-05  0.2301E-06 -0.6638E+01    0.2219  0.1368E-07
  0.1467  -0.599E+04  0.3778E+01  0.3528E-05  0.1103E-06 -0.6957E+01    0.2029  0.1481E-07
  0.1415  -0.774E+04  0.3889E+01  0.2499E-05  0.5290E-07 -0.7277E+01    0.1855  0.1589E-07
  0.1368  -0.100E+05  0.4000E+01  0.1770E-05  0.2535E-07 -0.7596E+01    0.1696  0.1692E-07
  0.1325  -0.129E+05  0.4111E+01  0.1253E-05  0.1215E-07 -0.7915E+01    0.1550  0.1789E-07
  0.1285  -0.167E+05  0.4222E+01  0.8873E-06  0.5820E-08 -0.8235E+01    0.1417  0.1880E-07
  0.1249  -0.215E+05  0.4333E+01  0.6281E-06  0.2788E-08 -0.8555E+01    0.1296  0.1963E-07
  0.1216  -0.278E+05  0.4444E+01  0.4446E-06  0.1336E-08 -0.8874E+01    0.1184  0.2039E-07
  0.1185  -0.359E+05  0.4556E+01  0.3147E-06  0.6399E-09 -0.9194E+01    0.1083  0.2106E-07
  0.1158  -0.464E+05  0.4667E+01  0.2228E-06  0.3065E-09 -0.9514E+01    0.0990  0.2163E-07
  0.1132  -0.599E+05  0.4778E+01  0.1577E-06  0.1468E-09 -0.9833E+01    0.0905  0.2210E-07
  0.1109  -0.774E+05  0.4889E+01  0.1116E-06  0.7032E-10 -0.1015E+02    0.0827  0.2245E-07
  0.1088  -0.100E+06  0.5000E+01  0.7900E-07  0.3368E-10 -0.1047E+02    0.0756  0.2266E-07
end
