 ******* Program HYDRUS
 ******* 
 Welcome to HYDRUS-1D                                                    
 Date:  30. 6.2026    Time:  22:51:37
 Units: L = cm   , T = days , M = mmol 


 Time:        0.0000


 Node      Depth      Head Moisture       K          C         Flux        Sink         Kappa   v/KsTop   Temp
           [L]        [L]    [-]        [L/T]      [1/L]      [L/T]        [1/T]         [-]      [-]      [C]

   1     0.0000    -435.383 0.2356   0.2030E-03  0.1136E-03 -0.2030E-03  0.0000E+00      -1  -0.259E-03   20.00
   2    -2.0000    -435.383 0.2356   0.2030E-03  0.1136E-03 -0.2030E-03  0.1000E+01      -1  -0.259E-03   20.00
   3    -4.0000    -435.383 0.2356   0.2030E-03  0.1136E-03 -0.2030E-03  0.0000E+00      -1  -0.259E-03   20.00
   4    -6.0000    -435.383 0.2356   0.2030E-03  0.1136E-03 -0.2030E-03  0.0000E+00      -1  -0.259E-03   20.00
   5    -8.0000    -435.383 0.2356   0.2030E-03  0.1136E-03 -0.2030E-03  0.0000E+00      -1  -0.259E-03   20.00
   6   -10.0000    -435.383 0.2356   0.2030E-03  0.1136E-03 -0.2030E-03  0.0000E+00      -1  -0.259E-03   20.00
   7   -12.0000    -435.383 0.2356   0.2030E-03  0.1136E-03 -0.2030E-03  0.0000E+00      -1  -0.259E-03   20.00
   8   -14.0000    -435.383 0.2356   0.2030E-03  0.1136E-03 -0.2030E-03  0.0000E+00      -1  -0.259E-03   20.00
   9   -16.0000    -435.383 0.2356   0.2030E-03  0.1136E-03 -0.2030E-03  0.0000E+00      -1  -0.259E-03   20.00
  10   -18.0000    -435.383 0.2356   0.2030E-03  0.1136E-03 -0.2030E-03  0.0000E+00      -1  -0.259E-03   20.00
  11   -20.0000    -435.383 0.2356   0.2030E-03  0.1136E-03 -0.2030E-03  0.0000E+00      -1  -0.259E-03   20.00
  12   -22.0000    -435.383 0.2356   0.2030E-03  0.1136E-03 -0.2030E-03  0.0000E+00      -1  -0.259E-03   20.00
  13   -24.0000    -435.383 0.2356   0.2030E-03  0.1136E-03 -0.2030E-03  0.0000E+00      -1  -0.259E-03   20.00
  14   -26.0000    -435.383 0.2356   0.2030E-03  0.1136E-03 -0.2030E-03  0.0000E+00      -1  -0.259E-03   20.00
  15   -28.0000    -435.383 0.2356   0.2030E-03  0.1136E-03 -0.2030E-03  0.0000E+00      -1  -0.259E-03   20.00
  16   -30.0000    -435.383 0.2356   0.2030E-03  0.1136E-03 -0.2030E-03  0.0000E+00      -1  -0.259E-03   20.00
  17   -32.0000    -435.383 0.2356   0.2030E-03  0.1136E-03 -0.2030E-03  0.0000E+00      -1  -0.259E-03   20.00
  18   -34.0000    -435.383 0.2356   0.2030E-03  0.1136E-03 -0.2030E-03  0.0000E+00      -1  -0.259E-03   20.00
  19   -36.0000    -435.383 0.2356   0.2030E-03  0.1136E-03 -0.2030E-03  0.0000E+00      -1  -0.259E-03   20.00
  20   -38.0000    -435.383 0.2356   0.2030E-03  0.1136E-03 -0.2030E-03  0.0000E+00      -1  -0.259E-03   20.00
  21   -40.0000    -435.383 0.2356   0.2030E-03  0.1136E-03 -0.2030E-03  0.0000E+00      -1  -0.259E-03   20.00
  22   -42.0000    -435.383 0.2356   0.2030E-03  0.1136E-03 -0.2030E-03  0.0000E+00      -1  -0.259E-03   20.00
  23   -44.0000    -435.383 0.2356   0.2030E-03  0.1136E-03 -0.2030E-03  0.0000E+00      -1  -0.259E-03   20.00
  24   -46.0000    -435.383 0.2356   0.2030E-03  0.1136E-03 -0.2030E-03  0.0000E+00      -1  -0.259E-03   20.00
  25   -48.0000    -435.383 0.2356   0.2030E-03  0.1136E-03 -0.2030E-03  0.0000E+00      -1  -0.259E-03   20.00
  26   -50.0000    -435.383 0.2356   0.2030E-03  0.1136E-03 -0.2030E-03  0.0000E+00      -1  -0.259E-03   20.00
  27   -52.0000    -435.383 0.2356   0.2030E-03  0.1136E-03 -0.2030E-03  0.0000E+00      -1  -0.259E-03   20.00
  28   -54.0000    -435.383 0.2356   0.2030E-03  0.1136E-03 -0.2030E-03  0.0000E+00      -1  -0.259E-03   20.00
  29   -56.0000    -435.383 0.2356   0.2030E-03  0.1136E-03 -0.2030E-03  0.0000E+00      -1  -0.259E-03   20.00
  30   -58.0000    -435.383 0.2356   0.2030E-03  0.1136E-03 -0.2030E-03  0.0000E+00      -1  -0.259E-03   20.00
  31   -60.0000    -435.383 0.2356   0.2030E-03  0.1136E-03 -0.2030E-03  0.0000E+00      -1  -0.259E-03   20.00
  32   -62.0000    -435.383 0.2356   0.2030E-03  0.1136E-03 -0.2030E-03  0.0000E+00      -1  -0.259E-03   20.00
  33   -64.0000    -435.383 0.2356   0.2030E-03  0.1136E-03 -0.2030E-03  0.0000E+00      -1  -0.259E-03   20.00
  34   -66.0000    -435.383 0.2356   0.2030E-03  0.1136E-03 -0.2030E-03  0.0000E+00      -1  -0.259E-03   20.00
  35   -68.0000    -435.383 0.2356   0.2030E-03  0.1136E-03 -0.2030E-03  0.0000E+00      -1  -0.259E-03   20.00
  36   -70.0000    -435.383 0.2356   0.2030E-03  0.1136E-03 -0.2030E-03  0.0000E+00      -1  -0.259E-03   20.00
  37   -72.0000    -435.383 0.2356   0.2030E-03  0.1136E-03 -0.2030E-03  0.0000E+00      -1  -0.259E-03   20.00
  38   -74.0000    -435.383 0.2356   0.2030E-03  0.1136E-03 -0.2030E-03  0.0000E+00      -1  -0.259E-03   20.00
  39   -76.0000    -435.383 0.2356   0.2030E-03  0.1136E-03 -0.2030E-03  0.0000E+00      -1  -0.259E-03   20.00
  40   -78.0000    -435.383 0.2356   0.2030E-03  0.1136E-03 -0.2030E-03  0.0000E+00      -1  -0.259E-03   20.00
  41   -80.0000    -435.383 0.2356   0.2030E-03  0.1136E-03 -0.2030E-03  0.0000E+00      -1  -0.259E-03   20.00
  42   -82.0000    -435.383 0.2356   0.2030E-03  0.1136E-03 -0.2030E-03  0.0000E+00      -1  -0.259E-03   20.00
  43   -84.0000    -435.383 0.2356   0.2030E-03  0.1136E-03 -0.2030E-03  0.0000E+00      -1  -0.259E-03   20.00
  44   -86.0000    -435.383 0.2356   0.2030E-03  0.1136E-03 -0.2030E-03  0.0000E+00      -1  -0.259E-03   20.00
  45   -88.0000    -435.383 0.2356   0.2030E-03  0.1136E-03 -0.2030E-03  0.0000E+00      -1  -0.259E-03   20.00
  46   -90.0000    -435.383 0.2356   0.2030E-03  0.1136E-03 -0.2030E-03  0.0000E+00      -1  -0.259E-03   20.00
  47   -92.0000    -435.383 0.2356   0.2030E-03  0.1136E-03 -0.2030E-03  0.0000E+00      -1  -0.259E-03   20.00
  48   -94.0000    -435.383 0.2356   0.2030E-03  0.1136E-03 -0.2030E-03  0.0000E+00      -1  -0.259E-03   20.00
  49   -96.0000    -435.383 0.2356   0.2030E-03  0.1136E-03 -0.2030E-03  0.0000E+00      -1  -0.259E-03   20.00
  50   -98.0000    -435.383 0.2356   0.2030E-03  0.1136E-03 -0.2030E-03  0.0000E+00      -1  -0.259E-03   20.00
  51  -100.0000    -435.383 0.2356   0.2030E-03  0.1136E-03 -0.2030E-03  0.0000E+00      -1  -0.259E-03   20.00
  52  -102.0000    -435.383 0.2356   0.2030E-03  0.1136E-03 -0.2030E-03  0.0000E+00      -1  -0.259E-03   20.00
  53  -104.0000    -435.383 0.2356   0.2030E-03  0.1136E-03 -0.2030E-03  0.0000E+00      -1  -0.259E-03   20.00
  54  -106.0000    -435.383 0.2356   0.2030E-03  0.1136E-03 -0.2030E-03  0.0000E+00      -1  -0.259E-03   20.00
  55  -108.0000    -435.383 0.2356   0.2030E-03  0.1136E-03 -0.2030E-03  0.0000E+00      -1  -0.259E-03   20.00
  56  -110.0000    -435.383 0.2356   0.2030E-03  0.1136E-03 -0.2030E-03  0.0000E+00      -1  -0.259E-03   20.00
  57  -112.0000    -435.383 0.2356   0.2030E-03  0.1136E-03 -0.2030E-03  0.0000E+00      -1  -0.259E-03   20.00
  58  -114.0000    -435.383 0.2356   0.2030E-03  0.1136E-03 -0.2030E-03  0.0000E+00      -1  -0.259E-03   20.00
  59  -116.0000    -435.383 0.2356   0.2030E-03  0.1136E-03 -0.2030E-03  0.0000E+00      -1  -0.259E-03   20.00
  60  -118.0000    -435.383 0.2356   0.2030E-03  0.1136E-03 -0.2030E-03  0.0000E+00      -1  -0.259E-03   20.00
  61  -120.0000    -435.383 0.2356   0.2030E-03  0.1136E-03 -0.2030E-03  0.0000E+00      -1  -0.259E-03   20.00
  62  -122.0000    -435.383 0.2356   0.2030E-03  0.1136E-03 -0.2030E-03  0.0000E+00      -1  -0.259E-03   20.00
  63  -124.0000    -435.383 0.2356   0.2030E-03  0.1136E-03 -0.2030E-03  0.0000E+00      -1  -0.259E-03   20.00
  64  -126.0000    -435.383 0.2356   0.2030E-03  0.1136E-03 -0.2030E-03  0.0000E+00      -1  -0.259E-03   20.00
  65  -128.0000    -435.383 0.2356   0.2030E-03  0.1136E-03 -0.2030E-03  0.0000E+00      -1  -0.259E-03   20.00
  66  -130.0000    -435.383 0.2356   0.2030E-03  0.1136E-03 -0.2030E-03  0.0000E+00      -1  -0.259E-03   20.00
  67  -132.0000    -435.383 0.2356   0.2030E-03  0.1136E-03 -0.2030E-03  0.0000E+00      -1  -0.259E-03   20.00
  68  -134.0000    -435.383 0.2356   0.2030E-03  0.1136E-03 -0.2030E-03  0.0000E+00      -1  -0.259E-03   20.00
  69  -136.0000    -435.383 0.2356   0.2030E-03  0.1136E-03 -0.2030E-03  0.0000E+00      -1  -0.259E-03   20.00
  70  -138.0000    -435.383 0.2356   0.2030E-03  0.1136E-03 -0.2030E-03  0.0000E+00      -1  -0.259E-03   20.00
  71  -140.0000    -435.383 0.2356   0.2030E-03  0.1136E-03 -0.2030E-03  0.0000E+00      -1  -0.259E-03   20.00
  72  -142.0000    -435.383 0.2356   0.2030E-03  0.1136E-03 -0.2030E-03  0.0000E+00      -1  -0.259E-03   20.00
  73  -144.0000    -435.383 0.2356   0.2030E-03  0.1136E-03 -0.2030E-03  0.0000E+00      -1  -0.259E-03   20.00
  74  -146.0000    -435.383 0.2356   0.2030E-03  0.1136E-03 -0.2030E-03  0.0000E+00      -1  -0.259E-03   20.00
  75  -148.0000    -435.383 0.2356   0.2030E-03  0.1136E-03 -0.2030E-03  0.0000E+00      -1  -0.259E-03   20.00
  76  -150.0000    -435.383 0.2356   0.2030E-03  0.1136E-03 -0.2030E-03  0.0000E+00      -1  -0.259E-03   20.00
  77  -152.0000    -435.383 0.2356   0.2030E-03  0.1136E-03 -0.2030E-03  0.0000E+00      -1  -0.259E-03   20.00
  78  -154.0000    -435.383 0.2356   0.2030E-03  0.1136E-03 -0.2030E-03  0.0000E+00      -1  -0.259E-03   20.00
  79  -156.0000    -435.383 0.2356   0.2030E-03  0.1136E-03 -0.2030E-03  0.0000E+00      -1  -0.259E-03   20.00
  80  -158.0000    -435.383 0.2356   0.2030E-03  0.1136E-03 -0.2030E-03  0.0000E+00      -1  -0.259E-03   20.00
  81  -160.0000    -435.383 0.2356   0.2030E-03  0.1136E-03 -0.2030E-03  0.0000E+00      -1  -0.259E-03   20.00
  82  -162.0000    -435.383 0.2356   0.2030E-03  0.1136E-03 -0.2030E-03  0.0000E+00      -1  -0.259E-03   20.00
  83  -164.0000    -435.383 0.2356   0.2030E-03  0.1136E-03 -0.2030E-03  0.0000E+00      -1  -0.259E-03   20.00
  84  -166.0000    -435.383 0.2356   0.2030E-03  0.1136E-03 -0.2030E-03  0.0000E+00      -1  -0.259E-03   20.00
  85  -168.0000    -435.383 0.2356   0.2030E-03  0.1136E-03 -0.2030E-03  0.0000E+00      -1  -0.259E-03   20.00
  86  -170.0000    -435.383 0.2356   0.2030E-03  0.1136E-03 -0.2030E-03  0.0000E+00      -1  -0.259E-03   20.00
  87  -172.0000    -435.383 0.2356   0.2030E-03  0.1136E-03 -0.2030E-03  0.0000E+00      -1  -0.259E-03   20.00
  88  -174.0000    -435.383 0.2356   0.2030E-03  0.1136E-03 -0.2030E-03  0.0000E+00      -1  -0.259E-03   20.00
  89  -176.0000    -435.383 0.2356   0.2030E-03  0.1136E-03 -0.2030E-03  0.0000E+00      -1  -0.259E-03   20.00
  90  -178.0000    -435.383 0.2356   0.2030E-03  0.1136E-03 -0.2030E-03  0.0000E+00      -1  -0.259E-03   20.00
  91  -180.0000    -435.383 0.2356   0.2030E-03  0.1136E-03 -0.2030E-03  0.0000E+00      -1  -0.259E-03   20.00
  92  -182.0000    -435.383 0.2356   0.2030E-03  0.1136E-03 -0.2030E-03  0.0000E+00      -1  -0.259E-03   20.00
  93  -184.0000    -435.383 0.2356   0.2030E-03  0.1136E-03 -0.2030E-03  0.0000E+00      -1  -0.259E-03   20.00
  94  -186.0000    -435.383 0.2356   0.2030E-03  0.1136E-03 -0.2030E-03  0.0000E+00      -1  -0.259E-03   20.00
  95  -188.0000    -435.383 0.2356   0.2030E-03  0.1136E-03 -0.2030E-03  0.0000E+00      -1  -0.259E-03   20.00
  96  -190.0000    -435.383 0.2356   0.2030E-03  0.1136E-03 -0.2030E-03  0.0000E+00      -1  -0.259E-03   20.00
  97  -192.0000    -435.383 0.2356   0.2030E-03  0.1136E-03 -0.2030E-03  0.0000E+00      -1  -0.259E-03   20.00
  98  -194.0000    -435.383 0.2356   0.2030E-03  0.1136E-03 -0.2030E-03  0.0000E+00      -1  -0.259E-03   20.00
  99  -196.0000    -435.383 0.2356   0.2030E-03  0.1136E-03 -0.2030E-03  0.0000E+00      -1  -0.259E-03   20.00
 100  -198.0000    -435.383 0.2356   0.2030E-03  0.1136E-03 -0.2030E-03  0.0000E+00      -1  -0.259E-03   20.00
 101  -200.0000    -435.383 0.2356   0.2030E-03  0.1136E-03 -0.2030E-03  0.0000E+00      -1  -0.259E-03   20.00
end


 Time:        1.0000


 Node      Depth      Head Moisture       K          C         Flux        Sink         Kappa   v/KsTop   Temp
           [L]        [L]    [-]        [L/T]      [1/L]      [L/T]        [1/T]         [-]      [-]      [C]

   1     0.0000      10.000 0.3841   0.7829E+00  0.0000E+00 -0.1551E+01  0.0000E+00      -1  -0.198E+01   20.00
   2    -2.0000       8.037 0.3841   0.7829E+00  0.0000E+00 -0.1551E+01  0.0000E+00      -1  -0.198E+01   20.00
   3    -4.0000       6.074 0.3841   0.7829E+00  0.0000E+00 -0.1551E+01  0.0000E+00      -1  -0.198E+01   20.00
   4    -6.0000       4.111 0.3841   0.7829E+00  0.0000E+00 -0.1551E+01  0.0000E+00      -1  -0.198E+01   20.00
   5    -8.0000       2.147 0.3841   0.7829E+00  0.0000E+00 -0.1551E+01  0.0000E+00      -1  -0.198E+01   20.00
   6   -10.0000      -0.551 0.3840   0.5378E+00  0.2805E-03 -0.1548E+01  0.0000E+00      -1  -0.198E+01   20.00
   7   -12.0000      -6.463 0.3806   0.2430E+00  0.6928E-03 -0.1518E+01  0.0000E+00      -1  -0.194E+01   20.00
   8   -14.0000     -22.351 0.3677   0.9072E-01  0.8624E-03 -0.1385E+01  0.1342E-01      -1  -0.177E+01   20.00
   9   -16.0000     -67.390 0.3327   0.1797E-01  0.6650E-03 -0.1041E+01  0.2619E-01      -1  -0.133E+01   20.00
  10   -18.0000    -234.482 0.2676   0.1051E-02  0.2338E-03 -0.4621E+00  0.2500E-01      -1  -0.590E+00   20.00
  11   -20.0000    -663.047 0.2162   0.6379E-04  0.6729E-04 -0.6074E-01  0.2381E-01      -1  -0.776E-01   20.00
  12   -22.0000    -713.076 0.2131   0.5213E-04  0.6118E-04 -0.5414E-03  0.2262E-01      -1  -0.691E-03   20.00
  13   -24.0000    -695.375 0.2142   0.5618E-04  0.6330E-04  0.4569E-03  0.2143E-01      -1   0.584E-03   20.00
  14   -26.0000    -676.616 0.2154   0.6047E-04  0.6554E-04  0.5070E-03  0.2024E-01      -1   0.648E-03   20.00
  15   -28.0000    -657.835 0.2166   0.6476E-04  0.6779E-04  0.5430E-03  0.1905E-01      -1   0.694E-03   20.00
  16   -30.0000    -639.078 0.2177   0.6906E-04  0.7004E-04  0.5787E-03  0.1786E-01      -1   0.739E-03   20.00
  17   -32.0000    -620.314 0.2189   0.7335E-04  0.7229E-04  0.6152E-03  0.1667E-01      -1   0.786E-03   20.00
  18   -34.0000    -601.531 0.2201   0.7764E-04  0.7454E-04  0.5652E-03  0.1548E-01      -1   0.722E-03   20.00
  19   -36.0000    -587.336 0.2213   0.8536E-04  0.7733E-04  0.5070E-03  0.1429E-01      -1   0.648E-03   20.00
  20   -38.0000    -573.768 0.2225   0.9345E-04  0.8018E-04  0.5404E-03  0.1310E-01      -1   0.690E-03   20.00
  21   -40.0000    -560.205 0.2237   0.1015E-03  0.8303E-04  0.5870E-03  0.1190E-01      -1   0.750E-03   20.00
  22   -42.0000    -546.646 0.2249   0.1096E-03  0.8587E-04  0.6335E-03  0.1071E-01      -1   0.809E-03   20.00
  23   -44.0000    -533.090 0.2261   0.1177E-03  0.8872E-04  0.6800E-03  0.9524E-02      -1   0.869E-03   20.00
  24   -46.0000    -519.541 0.2273   0.1258E-03  0.9156E-04  0.7261E-03  0.8333E-02      -1   0.927E-03   20.00
  25   -48.0000    -506.001 0.2284   0.1339E-03  0.9440E-04  0.7718E-03  0.7143E-02      -1   0.986E-03   20.00
  26   -50.0000    -492.481 0.2296   0.1419E-03  0.9724E-04  0.8156E-03  0.5952E-02      -1   0.104E-02   20.00
  27   -52.0000    -479.014 0.2308   0.1500E-03  0.1001E-03  0.8619E-03  0.4762E-02      -1   0.110E-02   20.00
  28   -54.0000    -465.496 0.2320   0.1580E-03  0.1029E-03  0.7911E-03  0.3571E-02      -1   0.101E-02   20.00
  29   -56.0000    -455.089 0.2332   0.1728E-03  0.1065E-03  0.6943E-03  0.2381E-02      -1   0.887E-03   20.00
  30   -58.0000    -445.394 0.2344   0.1877E-03  0.1100E-03  0.6566E-03  0.1190E-02      -1   0.839E-03   20.00
  31   -60.0000    -437.006 0.2354   0.2005E-03  0.1130E-03  0.2806E-03  0.0000E+00      -1   0.358E-03   20.00
  32   -62.0000    -435.588 0.2356   0.2027E-03  0.1135E-03 -0.1214E-03  0.0000E+00      -1  -0.155E-03   20.00
  33   -64.0000    -435.404 0.2356   0.2030E-03  0.1136E-03 -0.1926E-03  0.0000E+00      -1  -0.246E-03   20.00
  34   -66.0000    -435.385 0.2356   0.2030E-03  0.1136E-03 -0.2020E-03  0.0000E+00      -1  -0.258E-03   20.00
  35   -68.0000    -435.383 0.2356   0.2030E-03  0.1136E-03 -0.2030E-03  0.0000E+00      -1  -0.259E-03   20.00
  36   -70.0000    -435.383 0.2356   0.2030E-03  0.1136E-03 -0.2030E-03  0.0000E+00      -1  -0.259E-03   20.00
  37   -72.0000    -435.383 0.2356   0.2030E-03  0.1136E-03 -0.2030E-03  0.0000E+00      -1  -0.259E-03   20.00
  38   -74.0000    -435.383 0.2356   0.2030E-03  0.1136E-03 -0.2030E-03  0.0000E+00      -1  -0.259E-03   20.00
  39   -76.0000    -435.383 0.2356   0.2030E-03  0.1136E-03 -0.2030E-03  0.0000E+00      -1  -0.259E-03   20.00
  40   -78.0000    -435.383 0.2356   0.2030E-03  0.1136E-03 -0.2030E-03  0.0000E+00      -1  -0.259E-03   20.00
  41   -80.0000    -435.383 0.2356   0.2030E-03  0.1136E-03 -0.2030E-03  0.0000E+00      -1  -0.259E-03   20.00
  42   -82.0000    -435.383 0.2356   0.2030E-03  0.1136E-03 -0.2030E-03  0.0000E+00      -1  -0.259E-03   20.00
  43   -84.0000    -435.383 0.2356   0.2030E-03  0.1136E-03 -0.2030E-03  0.0000E+00      -1  -0.259E-03   20.00
  44   -86.0000    -435.383 0.2356   0.2030E-03  0.1136E-03 -0.2030E-03  0.0000E+00      -1  -0.259E-03   20.00
  45   -88.0000    -435.383 0.2356   0.2030E-03  0.1136E-03 -0.2030E-03  0.0000E+00      -1  -0.259E-03   20.00
  46   -90.0000    -435.383 0.2356   0.2030E-03  0.1136E-03 -0.2030E-03  0.0000E+00      -1  -0.259E-03   20.00
  47   -92.0000    -435.383 0.2356   0.2030E-03  0.1136E-03 -0.2030E-03  0.0000E+00      -1  -0.259E-03   20.00
  48   -94.0000    -435.383 0.2356   0.2030E-03  0.1136E-03 -0.2030E-03  0.0000E+00      -1  -0.259E-03   20.00
  49   -96.0000    -435.383 0.2356   0.2030E-03  0.1136E-03 -0.2030E-03  0.0000E+00      -1  -0.259E-03   20.00
  50   -98.0000    -435.383 0.2356   0.2030E-03  0.1136E-03 -0.2030E-03  0.0000E+00      -1  -0.259E-03   20.00
  51  -100.0000    -435.383 0.2356   0.2030E-03  0.1136E-03 -0.2030E-03  0.0000E+00      -1  -0.259E-03   20.00
  52  -102.0000    -435.383 0.2356   0.2030E-03  0.1136E-03 -0.2030E-03  0.0000E+00      -1  -0.259E-03   20.00
  53  -104.0000    -435.383 0.2356   0.2030E-03  0.1136E-03 -0.2030E-03  0.0000E+00      -1  -0.259E-03   20.00
  54  -106.0000    -435.383 0.2356   0.2030E-03  0.1136E-03 -0.2030E-03  0.0000E+00      -1  -0.259E-03   20.00
  55  -108.0000    -435.383 0.2356   0.2030E-03  0.1136E-03 -0.2030E-03  0.0000E+00      -1  -0.259E-03   20.00
  56  -110.0000    -435.383 0.2356   0.2030E-03  0.1136E-03 -0.2030E-03  0.0000E+00      -1  -0.259E-03   20.00
  57  -112.0000    -435.383 0.2356   0.2030E-03  0.1136E-03 -0.2030E-03  0.0000E+00      -1  -0.259E-03   20.00
  58  -114.0000    -435.383 0.2356   0.2030E-03  0.1136E-03 -0.2030E-03  0.0000E+00      -1  -0.259E-03   20.00
  59  -116.0000    -435.383 0.2356   0.2030E-03  0.1136E-03 -0.2030E-03  0.0000E+00      -1  -0.259E-03   20.00
  60  -118.0000    -435.383 0.2356   0.2030E-03  0.1136E-03 -0.2030E-03  0.0000E+00      -1  -0.259E-03   20.00
  61  -120.0000    -435.383 0.2356   0.2030E-03  0.1136E-03 -0.2030E-03  0.0000E+00      -1  -0.259E-03   20.00
  62  -122.0000    -435.383 0.2356   0.2030E-03  0.1136E-03 -0.2030E-03  0.0000E+00      -1  -0.259E-03   20.00
  63  -124.0000    -435.383 0.2356   0.2030E-03  0.1136E-03 -0.2030E-03  0.0000E+00      -1  -0.259E-03   20.00
  64  -126.0000    -435.383 0.2356   0.2030E-03  0.1136E-03 -0.2030E-03  0.0000E+00      -1  -0.259E-03   20.00
  65  -128.0000    -435.383 0.2356   0.2030E-03  0.1136E-03 -0.2030E-03  0.0000E+00      -1  -0.259E-03   20.00
  66  -130.0000    -435.383 0.2356   0.2030E-03  0.1136E-03 -0.2030E-03  0.0000E+00      -1  -0.259E-03   20.00
  67  -132.0000    -435.383 0.2356   0.2030E-03  0.1136E-03 -0.2030E-03  0.0000E+00      -1  -0.259E-03   20.00
  68  -134.0000    -435.383 0.2356   0.2030E-03  0.1136E-03 -0.2030E-03  0.0000E+00      -1  -0.259E-03   20.00
  69  -136.0000    -435.383 0.2356   0.2030E-03  0.1136E-03 -0.2030E-03  0.0000E+00      -1  -0.259E-03   20.00
  70  -138.0000    -435.383 0.2356   0.2030E-03  0.1136E-03 -0.2030E-03  0.0000E+00      -1  -0.259E-03   20.00
  71  -140.0000    -435.383 0.2356   0.2030E-03  0.1136E-03 -0.2030E-03  0.0000E+00      -1  -0.259E-03   20.00
  72  -142.0000    -435.383 0.2356   0.2030E-03  0.1136E-03 -0.2030E-03  0.0000E+00      -1  -0.259E-03   20.00
  73  -144.0000    -435.383 0.2356   0.2030E-03  0.1136E-03 -0.2030E-03  0.0000E+00      -1  -0.259E-03   20.00
  74  -146.0000    -435.383 0.2356   0.2030E-03  0.1136E-03 -0.2030E-03  0.0000E+00      -1  -0.259E-03   20.00
  75  -148.0000    -435.383 0.2356   0.2030E-03  0.1136E-03 -0.2030E-03  0.0000E+00      -1  -0.259E-03   20.00
  76  -150.0000    -435.383 0.2356   0.2030E-03  0.1136E-03 -0.2030E-03  0.0000E+00      -1  -0.259E-03   20.00
  77  -152.0000    -435.383 0.2356   0.2030E-03  0.1136E-03 -0.2030E-03  0.0000E+00      -1  -0.259E-03   20.00
  78  -154.0000    -435.383 0.2356   0.2030E-03  0.1136E-03 -0.2030E-03  0.0000E+00      -1  -0.259E-03   20.00
  79  -156.0000    -435.383 0.2356   0.2030E-03  0.1136E-03 -0.2030E-03  0.0000E+00      -1  -0.259E-03   20.00
  80  -158.0000    -435.383 0.2356   0.2030E-03  0.1136E-03 -0.2030E-03  0.0000E+00      -1  -0.259E-03   20.00
  81  -160.0000    -435.383 0.2356   0.2030E-03  0.1136E-03 -0.2030E-03  0.0000E+00      -1  -0.259E-03   20.00
  82  -162.0000    -435.383 0.2356   0.2030E-03  0.1136E-03 -0.2030E-03  0.0000E+00      -1  -0.259E-03   20.00
  83  -164.0000    -435.383 0.2356   0.2030E-03  0.1136E-03 -0.2030E-03  0.0000E+00      -1  -0.259E-03   20.00
  84  -166.0000    -435.383 0.2356   0.2030E-03  0.1136E-03 -0.2030E-03  0.0000E+00      -1  -0.259E-03   20.00
  85  -168.0000    -435.383 0.2356   0.2030E-03  0.1136E-03 -0.2030E-03  0.0000E+00      -1  -0.259E-03   20.00
  86  -170.0000    -435.383 0.2356   0.2030E-03  0.1136E-03 -0.2030E-03  0.0000E+00      -1  -0.259E-03   20.00
  87  -172.0000    -435.383 0.2356   0.2030E-03  0.1136E-03 -0.2030E-03  0.0000E+00      -1  -0.259E-03   20.00
  88  -174.0000    -435.383 0.2356   0.2030E-03  0.1136E-03 -0.2030E-03  0.0000E+00      -1  -0.259E-03   20.00
  89  -176.0000    -435.383 0.2356   0.2030E-03  0.1136E-03 -0.2030E-03  0.0000E+00      -1  -0.259E-03   20.00
  90  -178.0000    -435.383 0.2356   0.2030E-03  0.1136E-03 -0.2030E-03  0.0000E+00      -1  -0.259E-03   20.00
  91  -180.0000    -435.383 0.2356   0.2030E-03  0.1136E-03 -0.2030E-03  0.0000E+00      -1  -0.259E-03   20.00
  92  -182.0000    -435.383 0.2356   0.2030E-03  0.1136E-03 -0.2030E-03  0.0000E+00      -1  -0.259E-03   20.00
  93  -184.0000    -435.383 0.2356   0.2030E-03  0.1136E-03 -0.2030E-03  0.0000E+00      -1  -0.259E-03   20.00
  94  -186.0000    -435.383 0.2356   0.2030E-03  0.1136E-03 -0.2030E-03  0.0000E+00      -1  -0.259E-03   20.00
  95  -188.0000    -435.383 0.2356   0.2030E-03  0.1136E-03 -0.2030E-03  0.0000E+00      -1  -0.259E-03   20.00
  96  -190.0000    -435.383 0.2356   0.2030E-03  0.1136E-03 -0.2030E-03  0.0000E+00      -1  -0.259E-03   20.00
  97  -192.0000    -435.383 0.2356   0.2030E-03  0.1136E-03 -0.2030E-03  0.0000E+00      -1  -0.259E-03   20.00
  98  -194.0000    -435.383 0.2356   0.2030E-03  0.1136E-03 -0.2030E-03  0.0000E+00      -1  -0.259E-03   20.00
  99  -196.0000    -435.383 0.2356   0.2030E-03  0.1136E-03 -0.2030E-03  0.0000E+00      -1  -0.259E-03   20.00
 100  -198.0000    -435.383 0.2356   0.2030E-03  0.1136E-03 -0.2030E-03  0.0000E+00      -1  -0.259E-03   20.00
 101  -200.0000    -435.383 0.2356   0.2030E-03  0.1136E-03 -0.2030E-03  0.0000E+00      -1  -0.259E-03   20.00
end


 Time:        2.0000


 Node      Depth      Head Moisture       K          C         Flux        Sink         Kappa   v/KsTop   Temp
           [L]        [L]    [-]        [L/T]      [1/L]      [L/T]        [1/T]         [-]      [-]      [C]

   1     0.0000       5.000 0.3841   0.7829E+00  0.0000E+00 -0.1100E+01  0.0000E+00      -1  -0.141E+01   20.00
   2    -2.0000       4.190 0.3841   0.7829E+00  0.0000E+00 -0.1100E+01  0.0000E+00      -1  -0.141E+01   20.00
   3    -4.0000       3.379 0.3841   0.7829E+00  0.0000E+00 -0.1100E+01  0.0000E+00      -1  -0.141E+01   20.00
   4    -6.0000       2.569 0.3841   0.7829E+00  0.0000E+00 -0.1100E+01  0.0000E+00      -1  -0.141E+01   20.00
   5    -8.0000       1.758 0.3841   0.7829E+00  0.0000E+00 -0.1100E+01  0.0000E+00      -1  -0.141E+01   20.00
   6   -10.0000       0.948 0.3841   0.7829E+00  0.0000E+00 -0.1100E+01  0.0000E+00      -1  -0.141E+01   20.00
   7   -12.0000       0.137 0.3841   0.7829E+00  0.0000E+00 -0.1100E+01  0.0000E+00      -1  -0.141E+01   20.00
   8   -14.0000      -1.587 0.3836   0.3986E+00  0.4656E-03 -0.1096E+01  0.0000E+00      -1  -0.140E+01   20.00
   9   -16.0000      -6.479 0.3806   0.2352E+00  0.7042E-03 -0.1078E+01  0.0000E+00      -1  -0.138E+01   20.00
  10   -18.0000     -16.364 0.3729   0.1227E+00  0.8466E-03 -0.1023E+01  0.2274E-02      -1  -0.131E+01   20.00
  11   -20.0000     -37.489 0.3549   0.4736E-01  0.8239E-03 -0.8909E+00  0.2381E-01      -1  -0.114E+01   20.00
  12   -22.0000     -91.243 0.3183   0.9917E-02  0.5543E-03 -0.6467E+00  0.2262E-01      -1  -0.826E+00   20.00
  13   -24.0000    -276.685 0.2583   0.6448E-03  0.1916E-03 -0.3009E+00  0.2143E-01      -1  -0.384E+00   20.00
  14   -26.0000    -912.076 0.2029   0.2616E-04  0.4454E-04 -0.5412E-01  0.1979E-01      -1  -0.691E-01   20.00
  15   -28.0000   -1032.201 0.1979   0.1745E-04  0.3735E-04 -0.4025E-03  0.1831E-01      -1  -0.514E-03   20.00
  16   -30.0000    -974.960 0.2001   0.2069E-04  0.4027E-04  0.5441E-03  0.1730E-01      -1   0.695E-03   20.00
  17   -32.0000    -923.924 0.2024   0.2512E-04  0.4372E-04  0.6176E-03  0.1627E-01      -1   0.789E-03   20.00
  18   -34.0000    -872.663 0.2047   0.2958E-04  0.4719E-04  0.7318E-03  0.1521E-01      -1   0.935E-03   20.00
  19   -36.0000    -821.016 0.2071   0.3407E-04  0.5068E-04  0.8398E-03  0.1415E-01      -1   0.107E-02   20.00
  20   -38.0000    -770.332 0.2094   0.3903E-04  0.5432E-04  0.8320E-03  0.1306E-01      -1   0.106E-02   20.00
  21   -40.0000    -732.599 0.2118   0.4766E-04  0.5884E-04  0.8484E-03  0.1190E-01      -1   0.108E-02   20.00
  22   -42.0000    -695.093 0.2142   0.5624E-04  0.6333E-04  0.9979E-03  0.1071E-01      -1   0.127E-02   20.00
  23   -44.0000    -657.620 0.2166   0.6481E-04  0.6782E-04  0.1148E-02  0.9524E-02      -1   0.147E-02   20.00
  24   -46.0000    -620.252 0.2189   0.7336E-04  0.7230E-04  0.1232E-02  0.8333E-02      -1   0.157E-02   20.00
  25   -48.0000    -586.974 0.2213   0.8558E-04  0.7741E-04  0.1213E-02  0.7143E-02      -1   0.155E-02   20.00
  26   -50.0000    -559.711 0.2237   0.1018E-03  0.8313E-04  0.1279E-02  0.5952E-02      -1   0.163E-02   20.00
  27   -52.0000    -532.697 0.2261   0.1180E-03  0.8880E-04  0.1469E-02  0.4762E-02      -1   0.188E-02   20.00
  28   -54.0000    -505.870 0.2285   0.1340E-03  0.9443E-04  0.1640E-02  0.3571E-02      -1   0.209E-02   20.00
  29   -56.0000    -479.661 0.2308   0.1496E-03  0.9993E-04  0.1715E-02  0.2381E-02      -1   0.219E-02   20.00
  30   -58.0000    -456.264 0.2331   0.1710E-03  0.1060E-03  0.1480E-02  0.1190E-02      -1   0.189E-02   20.00
  31   -60.0000    -440.649 0.2349   0.1949E-03  0.1117E-03  0.7276E-03  0.0000E+00      -1   0.929E-03   20.00
  32   -62.0000    -436.532 0.2354   0.2013E-03  0.1132E-03  0.5112E-04  0.0000E+00      -1   0.653E-04   20.00
  33   -64.0000    -435.596 0.2356   0.2027E-03  0.1135E-03 -0.1461E-03  0.0000E+00      -1  -0.187E-03   20.00
  34   -66.0000    -435.417 0.2356   0.2030E-03  0.1136E-03 -0.1924E-03  0.0000E+00      -1  -0.246E-03   20.00
  35   -68.0000    -435.388 0.2356   0.2030E-03  0.1136E-03 -0.2013E-03  0.0000E+00      -1  -0.257E-03   20.00
  36   -70.0000    -435.384 0.2356   0.2030E-03  0.1136E-03 -0.2028E-03  0.0000E+00      -1  -0.259E-03   20.00
  37   -72.0000    -435.383 0.2356   0.2030E-03  0.1136E-03 -0.2030E-03  0.0000E+00      -1  -0.259E-03   20.00
  38   -74.0000    -435.383 0.2356   0.2030E-03  0.1136E-03 -0.2030E-03  0.0000E+00      -1  -0.259E-03   20.00
  39   -76.0000    -435.383 0.2356   0.2030E-03  0.1136E-03 -0.2030E-03  0.0000E+00      -1  -0.259E-03   20.00
  40   -78.0000    -435.383 0.2356   0.2030E-03  0.1136E-03 -0.2030E-03  0.0000E+00      -1  -0.259E-03   20.00
  41   -80.0000    -435.383 0.2356   0.2030E-03  0.1136E-03 -0.2030E-03  0.0000E+00      -1  -0.259E-03   20.00
  42   -82.0000    -435.383 0.2356   0.2030E-03  0.1136E-03 -0.2030E-03  0.0000E+00      -1  -0.259E-03   20.00
  43   -84.0000    -435.383 0.2356   0.2030E-03  0.1136E-03 -0.2030E-03  0.0000E+00      -1  -0.259E-03   20.00
  44   -86.0000    -435.383 0.2356   0.2030E-03  0.1136E-03 -0.2030E-03  0.0000E+00      -1  -0.259E-03   20.00
  45   -88.0000    -435.383 0.2356   0.2030E-03  0.1136E-03 -0.2030E-03  0.0000E+00      -1  -0.259E-03   20.00
  46   -90.0000    -435.383 0.2356   0.2030E-03  0.1136E-03 -0.2030E-03  0.0000E+00      -1  -0.259E-03   20.00
  47   -92.0000    -435.383 0.2356   0.2030E-03  0.1136E-03 -0.2030E-03  0.0000E+00      -1  -0.259E-03   20.00
  48   -94.0000    -435.383 0.2356   0.2030E-03  0.1136E-03 -0.2030E-03  0.0000E+00      -1  -0.259E-03   20.00
  49   -96.0000    -435.383 0.2356   0.2030E-03  0.1136E-03 -0.2030E-03  0.0000E+00      -1  -0.259E-03   20.00
  50   -98.0000    -435.383 0.2356   0.2030E-03  0.1136E-03 -0.2030E-03  0.0000E+00      -1  -0.259E-03   20.00
  51  -100.0000    -435.383 0.2356   0.2030E-03  0.1136E-03 -0.2030E-03  0.0000E+00      -1  -0.259E-03   20.00
  52  -102.0000    -435.383 0.2356   0.2030E-03  0.1136E-03 -0.2030E-03  0.0000E+00      -1  -0.259E-03   20.00
  53  -104.0000    -435.383 0.2356   0.2030E-03  0.1136E-03 -0.2030E-03  0.0000E+00      -1  -0.259E-03   20.00
  54  -106.0000    -435.383 0.2356   0.2030E-03  0.1136E-03 -0.2030E-03  0.0000E+00      -1  -0.259E-03   20.00
  55  -108.0000    -435.383 0.2356   0.2030E-03  0.1136E-03 -0.2030E-03  0.0000E+00      -1  -0.259E-03   20.00
  56  -110.0000    -435.383 0.2356   0.2030E-03  0.1136E-03 -0.2030E-03  0.0000E+00      -1  -0.259E-03   20.00
  57  -112.0000    -435.383 0.2356   0.2030E-03  0.1136E-03 -0.2030E-03  0.0000E+00      -1  -0.259E-03   20.00
  58  -114.0000    -435.383 0.2356   0.2030E-03  0.1136E-03 -0.2030E-03  0.0000E+00      -1  -0.259E-03   20.00
  59  -116.0000    -435.383 0.2356   0.2030E-03  0.1136E-03 -0.2030E-03  0.0000E+00      -1  -0.259E-03   20.00
  60  -118.0000    -435.383 0.2356   0.2030E-03  0.1136E-03 -0.2030E-03  0.0000E+00      -1  -0.259E-03   20.00
  61  -120.0000    -435.383 0.2356   0.2030E-03  0.1136E-03 -0.2030E-03  0.0000E+00      -1  -0.259E-03   20.00
  62  -122.0000    -435.383 0.2356   0.2030E-03  0.1136E-03 -0.2030E-03  0.0000E+00      -1  -0.259E-03   20.00
  63  -124.0000    -435.383 0.2356   0.2030E-03  0.1136E-03 -0.2030E-03  0.0000E+00      -1  -0.259E-03   20.00
  64  -126.0000    -435.383 0.2356   0.2030E-03  0.1136E-03 -0.2030E-03  0.0000E+00      -1  -0.259E-03   20.00
  65  -128.0000    -435.383 0.2356   0.2030E-03  0.1136E-03 -0.2030E-03  0.0000E+00      -1  -0.259E-03   20.00
  66  -130.0000    -435.383 0.2356   0.2030E-03  0.1136E-03 -0.2030E-03  0.0000E+00      -1  -0.259E-03   20.00
  67  -132.0000    -435.383 0.2356   0.2030E-03  0.1136E-03 -0.2030E-03  0.0000E+00      -1  -0.259E-03   20.00
  68  -134.0000    -435.383 0.2356   0.2030E-03  0.1136E-03 -0.2030E-03  0.0000E+00      -1  -0.259E-03   20.00
  69  -136.0000    -435.383 0.2356   0.2030E-03  0.1136E-03 -0.2030E-03  0.0000E+00      -1  -0.259E-03   20.00
  70  -138.0000    -435.383 0.2356   0.2030E-03  0.1136E-03 -0.2030E-03  0.0000E+00      -1  -0.259E-03   20.00
  71  -140.0000    -435.383 0.2356   0.2030E-03  0.1136E-03 -0.2030E-03  0.0000E+00      -1  -0.259E-03   20.00
  72  -142.0000    -435.383 0.2356   0.2030E-03  0.1136E-03 -0.2030E-03  0.0000E+00      -1  -0.259E-03   20.00
  73  -144.0000    -435.383 0.2356   0.2030E-03  0.1136E-03 -0.2030E-03  0.0000E+00      -1  -0.259E-03   20.00
  74  -146.0000    -435.383 0.2356   0.2030E-03  0.1136E-03 -0.2030E-03  0.0000E+00      -1  -0.259E-03   20.00
  75  -148.0000    -435.383 0.2356   0.2030E-03  0.1136E-03 -0.2030E-03  0.0000E+00      -1  -0.259E-03   20.00
  76  -150.0000    -435.383 0.2356   0.2030E-03  0.1136E-03 -0.2030E-03  0.0000E+00      -1  -0.259E-03   20.00
  77  -152.0000    -435.383 0.2356   0.2030E-03  0.1136E-03 -0.2030E-03  0.0000E+00      -1  -0.259E-03   20.00
  78  -154.0000    -435.383 0.2356   0.2030E-03  0.1136E-03 -0.2030E-03  0.0000E+00      -1  -0.259E-03   20.00
  79  -156.0000    -435.383 0.2356   0.2030E-03  0.1136E-03 -0.2030E-03  0.0000E+00      -1  -0.259E-03   20.00
  80  -158.0000    -435.383 0.2356   0.2030E-03  0.1136E-03 -0.2030E-03  0.0000E+00      -1  -0.259E-03   20.00
  81  -160.0000    -435.383 0.2356   0.2030E-03  0.1136E-03 -0.2030E-03  0.0000E+00      -1  -0.259E-03   20.00
  82  -162.0000    -435.383 0.2356   0.2030E-03  0.1136E-03 -0.2030E-03  0.0000E+00      -1  -0.259E-03   20.00
  83  -164.0000    -435.383 0.2356   0.2030E-03  0.1136E-03 -0.2030E-03  0.0000E+00      -1  -0.259E-03   20.00
  84  -166.0000    -435.383 0.2356   0.2030E-03  0.1136E-03 -0.2030E-03  0.0000E+00      -1  -0.259E-03   20.00
  85  -168.0000    -435.383 0.2356   0.2030E-03  0.1136E-03 -0.2030E-03  0.0000E+00      -1  -0.259E-03   20.00
  86  -170.0000    -435.383 0.2356   0.2030E-03  0.1136E-03 -0.2030E-03  0.0000E+00      -1  -0.259E-03   20.00
  87  -172.0000    -435.383 0.2356   0.2030E-03  0.1136E-03 -0.2030E-03  0.0000E+00      -1  -0.259E-03   20.00
  88  -174.0000    -435.383 0.2356   0.2030E-03  0.1136E-03 -0.2030E-03  0.0000E+00      -1  -0.259E-03   20.00
  89  -176.0000    -435.383 0.2356   0.2030E-03  0.1136E-03 -0.2030E-03  0.0000E+00      -1  -0.259E-03   20.00
  90  -178.0000    -435.383 0.2356   0.2030E-03  0.1136E-03 -0.2030E-03  0.0000E+00      -1  -0.259E-03   20.00
  91  -180.0000    -435.383 0.2356   0.2030E-03  0.1136E-03 -0.2030E-03  0.0000E+00      -1  -0.259E-03   20.00
  92  -182.0000    -435.383 0.2356   0.2030E-03  0.1136E-03 -0.2030E-03  0.0000E+00      -1  -0.259E-03   20.00
  93  -184.0000    -435.383 0.2356   0.2030E-03  0.1136E-03 -0.2030E-03  0.0000E+00      -1  -0.259E-03   20.00
  94  -186.0000    -435.383 0.2356   0.2030E-03  0.1136E-03 -0.2030E-03  0.0000E+00      -1  -0.259E-03   20.00
  95  -188.0000    -435.383 0.2356   0.2030E-03  0.1136E-03 -0.2030E-03  0.0000E+00      -1  -0.259E-03   20.00
  96  -190.0000    -435.383 0.2356   0.2030E-03  0.1136E-03 -0.2030E-03  0.0000E+00      -1  -0.259E-03   20.00
  97  -192.0000    -435.383 0.2356   0.2030E-03  0.1136E-03 -0.2030E-03  0.0000E+00      -1  -0.259E-03   20.00
  98  -194.0000    -435.383 0.2356   0.2030E-03  0.1136E-03 -0.2030E-03  0.0000E+00      -1  -0.259E-03   20.00
  99  -196.0000    -435.383 0.2356   0.2030E-03  0.1136E-03 -0.2030E-03  0.0000E+00      -1  -0.259E-03   20.00
 100  -198.0000    -435.383 0.2356   0.2030E-03  0.1136E-03 -0.2030E-03  0.0000E+00      -1  -0.259E-03   20.00
 101  -200.0000    -435.383 0.2356   0.2030E-03  0.1136E-03 -0.2030E-03  0.0000E+00      -1  -0.259E-03   20.00
end


 Time:        3.0000


 Node      Depth      Head Moisture       K          C         Flux        Sink         Kappa   v/KsTop   Temp
           [L]        [L]    [-]        [L/T]      [1/L]      [L/T]        [1/T]         [-]      [-]      [C]

   1     0.0000     -34.962 0.3571   0.5258E-01  0.8357E-03 -0.5960E-07  0.0000E+00      -1  -0.761E-07   20.00
   2    -2.0000     -34.046 0.3578   0.5497E-01  0.8389E-03 -0.3452E-01  0.2857E-01      -1  -0.441E-01   20.00
   3    -4.0000     -33.478 0.3583   0.5645E-01  0.8408E-03 -0.4817E-01  0.2857E-01      -1  -0.615E-01   20.00
   4    -6.0000     -33.478 0.3583   0.5649E-01  0.8409E-03 -0.6623E-01  0.2857E-01      -1  -0.846E-01   20.00
   5    -8.0000     -34.213 0.3577   0.5468E-01  0.8385E-03 -0.8577E-01  0.2857E-01      -1  -0.110E+00   20.00
   6   -10.0000     -35.841 0.3563   0.5064E-01  0.8331E-03 -0.1036E+00  0.2857E-01      -1  -0.132E+00   20.00
   7   -12.0000     -38.445 0.3542   0.4633E-01  0.8206E-03 -0.1186E+00  0.2857E-01      -1  -0.151E+00   20.00
   8   -14.0000     -42.235 0.3511   0.4039E-01  0.8014E-03 -0.1320E+00  0.2738E-01      -1  -0.169E+00   20.00
   9   -16.0000     -47.829 0.3467   0.3256E-01  0.7726E-03 -0.1451E+00  0.2619E-01      -1  -0.185E+00   20.00
  10   -18.0000     -56.389 0.3403   0.2493E-01  0.7253E-03 -0.1581E+00  0.2500E-01      -1  -0.202E+00   20.00
  11   -20.0000     -70.145 0.3309   0.1683E-01  0.6527E-03 -0.1687E+00  0.2381E-01      -1  -0.215E+00   20.00
  12   -22.0000     -94.897 0.3163   0.9028E-02  0.5385E-03 -0.1726E+00  0.2262E-01      -1  -0.220E+00   20.00
  13   -24.0000    -148.611 0.2927   0.3341E-02  0.3737E-03 -0.1601E+00  0.2143E-01      -1  -0.204E+00   20.00
  14   -26.0000    -298.018 0.2549   0.5664E-03  0.1798E-03 -0.1162E+00  0.2024E-01      -1  -0.148E+00   20.00
  15   -28.0000    -862.022 0.2052   0.3087E-04  0.4820E-04 -0.4526E-01  0.1875E-01      -1  -0.578E-01   20.00
  16   -30.0000   -1504.707 0.1845   0.6312E-05  0.2303E-04 -0.2844E-02  0.1600E-01      -1  -0.363E-02   20.00
  17   -32.0000   -1414.546 0.1866   0.7499E-05  0.2506E-04  0.4378E-03  0.1514E-01      -1   0.559E-03   20.00
  18   -34.0000   -1277.470 0.1899   0.9414E-05  0.2808E-04  0.5671E-03  0.1435E-01      -1   0.724E-03   20.00
  19   -36.0000   -1174.086 0.1932   0.1280E-04  0.3199E-04  0.6504E-03  0.1345E-01      -1   0.831E-03   20.00
  20   -38.0000   -1070.683 0.1966   0.1630E-04  0.3602E-04  0.8084E-03  0.1252E-01      -1   0.103E-02   20.00
  21   -40.0000    -973.854 0.2001   0.2079E-04  0.4035E-04  0.8915E-03  0.1154E-01      -1   0.114E-02   20.00
  22   -42.0000    -896.931 0.2036   0.2747E-04  0.4555E-04  0.1029E-02  0.1050E-01      -1   0.131E-02   20.00
  23   -44.0000    -820.077 0.2071   0.3424E-04  0.5082E-04  0.1236E-02  0.9432E-02      -1   0.158E-02   20.00
  24   -46.0000    -750.403 0.2107   0.4359E-04  0.5671E-04  0.1342E-02  0.8333E-02      -1   0.171E-02   20.00
  25   -48.0000    -693.799 0.2143   0.5654E-04  0.6348E-04  0.1531E-02  0.7143E-02      -1   0.196E-02   20.00
  26   -50.0000    -637.926 0.2178   0.6931E-04  0.7017E-04  0.1817E-02  0.5952E-02      -1   0.232E-02   20.00
  27   -52.0000    -586.045 0.2214   0.8613E-04  0.7761E-04  0.1927E-02  0.4762E-02      -1   0.246E-02   20.00
  28   -54.0000    -545.106 0.2250   0.1105E-03  0.8619E-04  0.2089E-02  0.3571E-02      -1   0.267E-02   20.00
  29   -56.0000    -506.061 0.2284   0.1338E-03  0.9439E-04  0.2356E-02  0.2381E-02      -1   0.301E-02   20.00
  30   -58.0000    -470.176 0.2316   0.1552E-03  0.1019E-03  0.2187E-02  0.1190E-02      -1   0.279E-02   20.00
  31   -60.0000    -445.699 0.2343   0.1872E-03  0.1099E-03  0.1224E-02  0.0000E+00      -1   0.156E-02   20.00
  32   -62.0000    -438.277 0.2352   0.1986E-03  0.1125E-03  0.2700E-03  0.0000E+00      -1   0.345E-03   20.00
  33   -64.0000    -436.107 0.2355   0.2019E-03  0.1133E-03 -0.6410E-04  0.0000E+00      -1  -0.819E-04   20.00
  34   -66.0000    -435.543 0.2356   0.2028E-03  0.1135E-03 -0.1676E-03  0.0000E+00      -1  -0.214E-03   20.00
  35   -68.0000    -435.414 0.2356   0.2030E-03  0.1136E-03 -0.1951E-03  0.0000E+00      -1  -0.249E-03   20.00
  36   -70.0000    -435.389 0.2356   0.2030E-03  0.1136E-03 -0.2015E-03  0.0000E+00      -1  -0.257E-03   20.00
  37   -72.0000    -435.384 0.2356   0.2030E-03  0.1136E-03 -0.2028E-03  0.0000E+00      -1  -0.259E-03   20.00
  38   -74.0000    -435.383 0.2356   0.2030E-03  0.1136E-03 -0.2030E-03  0.0000E+00      -1  -0.259E-03   20.00
  39   -76.0000    -435.383 0.2356   0.2030E-03  0.1136E-03 -0.2030E-03  0.0000E+00      -1  -0.259E-03   20.00
  40   -78.0000    -435.383 0.2356   0.2030E-03  0.1136E-03 -0.2030E-03  0.0000E+00      -1  -0.259E-03   20.00
  41   -80.0000    -435.383 0.2356   0.2030E-03  0.1136E-03 -0.2030E-03  0.0000E+00      -1  -0.259E-03   20.00
  42   -82.0000    -435.383 0.2356   0.2030E-03  0.1136E-03 -0.2030E-03  0.0000E+00      -1  -0.259E-03   20.00
  43   -84.0000    -435.383 0.2356   0.2030E-03  0.1136E-03 -0.2030E-03  0.0000E+00      -1  -0.259E-03   20.00
  44   -86.0000    -435.383 0.2356   0.2030E-03  0.1136E-03 -0.2030E-03  0.0000E+00      -1  -0.259E-03   20.00
  45   -88.0000    -435.383 0.2356   0.2030E-03  0.1136E-03 -0.2030E-03  0.0000E+00      -1  -0.259E-03   20.00
  46   -90.0000    -435.383 0.2356   0.2030E-03  0.1136E-03 -0.2030E-03  0.0000E+00      -1  -0.259E-03   20.00
  47   -92.0000    -435.383 0.2356   0.2030E-03  0.1136E-03 -0.2030E-03  0.0000E+00      -1  -0.259E-03   20.00
  48   -94.0000    -435.383 0.2356   0.2030E-03  0.1136E-03 -0.2030E-03  0.0000E+00      -1  -0.259E-03   20.00
  49   -96.0000    -435.383 0.2356   0.2030E-03  0.1136E-03 -0.2030E-03  0.0000E+00      -1  -0.259E-03   20.00
  50   -98.0000    -435.383 0.2356   0.2030E-03  0.1136E-03 -0.2030E-03  0.0000E+00      -1  -0.259E-03   20.00
  51  -100.0000    -435.383 0.2356   0.2030E-03  0.1136E-03 -0.2030E-03  0.0000E+00      -1  -0.259E-03   20.00
  52  -102.0000    -435.383 0.2356   0.2030E-03  0.1136E-03 -0.2030E-03  0.0000E+00      -1  -0.259E-03   20.00
  53  -104.0000    -435.383 0.2356   0.2030E-03  0.1136E-03 -0.2030E-03  0.0000E+00      -1  -0.259E-03   20.00
  54  -106.0000    -435.383 0.2356   0.2030E-03  0.1136E-03 -0.2030E-03  0.0000E+00      -1  -0.259E-03   20.00
  55  -108.0000    -435.383 0.2356   0.2030E-03  0.1136E-03 -0.2030E-03  0.0000E+00      -1  -0.259E-03   20.00
  56  -110.0000    -435.383 0.2356   0.2030E-03  0.1136E-03 -0.2030E-03  0.0000E+00      -1  -0.259E-03   20.00
  57  -112.0000    -435.383 0.2356   0.2030E-03  0.1136E-03 -0.2030E-03  0.0000E+00      -1  -0.259E-03   20.00
  58  -114.0000    -435.383 0.2356   0.2030E-03  0.1136E-03 -0.2030E-03  0.0000E+00      -1  -0.259E-03   20.00
  59  -116.0000    -435.383 0.2356   0.2030E-03  0.1136E-03 -0.2030E-03  0.0000E+00      -1  -0.259E-03   20.00
  60  -118.0000    -435.383 0.2356   0.2030E-03  0.1136E-03 -0.2030E-03  0.0000E+00      -1  -0.259E-03   20.00
  61  -120.0000    -435.383 0.2356   0.2030E-03  0.1136E-03 -0.2030E-03  0.0000E+00      -1  -0.259E-03   20.00
  62  -122.0000    -435.383 0.2356   0.2030E-03  0.1136E-03 -0.2030E-03  0.0000E+00      -1  -0.259E-03   20.00
  63  -124.0000    -435.383 0.2356   0.2030E-03  0.1136E-03 -0.2030E-03  0.0000E+00      -1  -0.259E-03   20.00
  64  -126.0000    -435.383 0.2356   0.2030E-03  0.1136E-03 -0.2030E-03  0.0000E+00      -1  -0.259E-03   20.00
  65  -128.0000    -435.383 0.2356   0.2030E-03  0.1136E-03 -0.2030E-03  0.0000E+00      -1  -0.259E-03   20.00
  66  -130.0000    -435.383 0.2356   0.2030E-03  0.1136E-03 -0.2030E-03  0.0000E+00      -1  -0.259E-03   20.00
  67  -132.0000    -435.383 0.2356   0.2030E-03  0.1136E-03 -0.2030E-03  0.0000E+00      -1  -0.259E-03   20.00
  68  -134.0000    -435.383 0.2356   0.2030E-03  0.1136E-03 -0.2030E-03  0.0000E+00      -1  -0.259E-03   20.00
  69  -136.0000    -435.383 0.2356   0.2030E-03  0.1136E-03 -0.2030E-03  0.0000E+00      -1  -0.259E-03   20.00
  70  -138.0000    -435.383 0.2356   0.2030E-03  0.1136E-03 -0.2030E-03  0.0000E+00      -1  -0.259E-03   20.00
  71  -140.0000    -435.383 0.2356   0.2030E-03  0.1136E-03 -0.2030E-03  0.0000E+00      -1  -0.259E-03   20.00
  72  -142.0000    -435.383 0.2356   0.2030E-03  0.1136E-03 -0.2030E-03  0.0000E+00      -1  -0.259E-03   20.00
  73  -144.0000    -435.383 0.2356   0.2030E-03  0.1136E-03 -0.2030E-03  0.0000E+00      -1  -0.259E-03   20.00
  74  -146.0000    -435.383 0.2356   0.2030E-03  0.1136E-03 -0.2030E-03  0.0000E+00      -1  -0.259E-03   20.00
  75  -148.0000    -435.383 0.2356   0.2030E-03  0.1136E-03 -0.2030E-03  0.0000E+00      -1  -0.259E-03   20.00
  76  -150.0000    -435.383 0.2356   0.2030E-03  0.1136E-03 -0.2030E-03  0.0000E+00      -1  -0.259E-03   20.00
  77  -152.0000    -435.383 0.2356   0.2030E-03  0.1136E-03 -0.2030E-03  0.0000E+00      -1  -0.259E-03   20.00
  78  -154.0000    -435.383 0.2356   0.2030E-03  0.1136E-03 -0.2030E-03  0.0000E+00      -1  -0.259E-03   20.00
  79  -156.0000    -435.383 0.2356   0.2030E-03  0.1136E-03 -0.2030E-03  0.0000E+00      -1  -0.259E-03   20.00
  80  -158.0000    -435.383 0.2356   0.2030E-03  0.1136E-03 -0.2030E-03  0.0000E+00      -1  -0.259E-03   20.00
  81  -160.0000    -435.383 0.2356   0.2030E-03  0.1136E-03 -0.2030E-03  0.0000E+00      -1  -0.259E-03   20.00
  82  -162.0000    -435.383 0.2356   0.2030E-03  0.1136E-03 -0.2030E-03  0.0000E+00      -1  -0.259E-03   20.00
  83  -164.0000    -435.383 0.2356   0.2030E-03  0.1136E-03 -0.2030E-03  0.0000E+00      -1  -0.259E-03   20.00
  84  -166.0000    -435.383 0.2356   0.2030E-03  0.1136E-03 -0.2030E-03  0.0000E+00      -1  -0.259E-03   20.00
  85  -168.0000    -435.383 0.2356   0.2030E-03  0.1136E-03 -0.2030E-03  0.0000E+00      -1  -0.259E-03   20.00
  86  -170.0000    -435.383 0.2356   0.2030E-03  0.1136E-03 -0.2030E-03  0.0000E+00      -1  -0.259E-03   20.00
  87  -172.0000    -435.383 0.2356   0.2030E-03  0.1136E-03 -0.2030E-03  0.0000E+00      -1  -0.259E-03   20.00
  88  -174.0000    -435.383 0.2356   0.2030E-03  0.1136E-03 -0.2030E-03  0.0000E+00      -1  -0.259E-03   20.00
  89  -176.0000    -435.383 0.2356   0.2030E-03  0.1136E-03 -0.2030E-03  0.0000E+00      -1  -0.259E-03   20.00
  90  -178.0000    -435.383 0.2356   0.2030E-03  0.1136E-03 -0.2030E-03  0.0000E+00      -1  -0.259E-03   20.00
  91  -180.0000    -435.383 0.2356   0.2030E-03  0.1136E-03 -0.2030E-03  0.0000E+00      -1  -0.259E-03   20.00
  92  -182.0000    -435.383 0.2356   0.2030E-03  0.1136E-03 -0.2030E-03  0.0000E+00      -1  -0.259E-03   20.00
  93  -184.0000    -435.383 0.2356   0.2030E-03  0.1136E-03 -0.2030E-03  0.0000E+00      -1  -0.259E-03   20.00
  94  -186.0000    -435.383 0.2356   0.2030E-03  0.1136E-03 -0.2030E-03  0.0000E+00      -1  -0.259E-03   20.00
  95  -188.0000    -435.383 0.2356   0.2030E-03  0.1136E-03 -0.2030E-03  0.0000E+00      -1  -0.259E-03   20.00
  96  -190.0000    -435.383 0.2356   0.2030E-03  0.1136E-03 -0.2030E-03  0.0000E+00      -1  -0.259E-03   20.00
  97  -192.0000    -435.383 0.2356   0.2030E-03  0.1136E-03 -0.2030E-03  0.0000E+00      -1  -0.259E-03   20.00
  98  -194.0000    -435.383 0.2356   0.2030E-03  0.1136E-03 -0.2030E-03  0.0000E+00      -1  -0.259E-03   20.00
  99  -196.0000    -435.383 0.2356   0.2030E-03  0.1136E-03 -0.2030E-03  0.0000E+00      -1  -0.259E-03   20.00
 100  -198.0000    -435.383 0.2356   0.2030E-03  0.1136E-03 -0.2030E-03  0.0000E+00      -1  -0.259E-03   20.00
 101  -200.0000    -435.383 0.2356   0.2030E-03  0.1136E-03 -0.2030E-03  0.0000E+00      -1  -0.259E-03   20.00
end


 Time:        4.0000


 Node      Depth      Head Moisture       K          C         Flux        Sink         Kappa   v/KsTop   Temp
           [L]        [L]    [-]        [L/T]      [1/L]      [L/T]        [1/T]         [-]      [-]      [C]

   1     0.0000     -72.459 0.3294   0.1571E-01  0.6407E-03 -0.6519E-07  0.0000E+00      -1  -0.833E-07   20.00
   2    -2.0000     -73.794 0.3285   0.1509E-01  0.6339E-03 -0.2456E-01  0.2857E-01      -1  -0.314E-01   20.00
   3    -4.0000     -74.959 0.3278   0.1453E-01  0.6279E-03 -0.2357E-01  0.2857E-01      -1  -0.301E-01   20.00
   4    -6.0000     -76.294 0.3269   0.1389E-01  0.6210E-03 -0.2479E-01  0.2857E-01      -1  -0.317E-01   20.00
   5    -8.0000     -78.121 0.3257   0.1316E-01  0.6121E-03 -0.2770E-01  0.2857E-01      -1  -0.354E-01   20.00
   6   -10.0000     -80.719 0.3243   0.1253E-01  0.6008E-03 -0.3152E-01  0.2857E-01      -1  -0.403E-01   20.00
   7   -12.0000     -84.260 0.3223   0.1166E-01  0.5855E-03 -0.3536E-01  0.2857E-01      -1  -0.452E-01   20.00
   8   -14.0000     -88.971 0.3197   0.1052E-01  0.5650E-03 -0.3959E-01  0.2738E-01      -1  -0.506E-01   20.00
   9   -16.0000     -95.624 0.3159   0.8882E-02  0.5359E-03 -0.4538E-01  0.2619E-01      -1  -0.580E-01   20.00
  10   -18.0000    -105.832 0.3107   0.7106E-02  0.4971E-03 -0.5257E-01  0.2500E-01      -1  -0.672E-01   20.00
  11   -20.0000    -122.143 0.3032   0.5205E-02  0.4430E-03 -0.5995E-01  0.2381E-01      -1  -0.766E-01   20.00
  12   -22.0000    -150.142 0.2921   0.3268E-02  0.3704E-03 -0.6522E-01  0.2262E-01      -1  -0.833E-01   20.00
  13   -24.0000    -204.257 0.2750   0.1499E-02  0.2712E-03 -0.6546E-01  0.2143E-01      -1  -0.836E-01   20.00
  14   -26.0000    -336.507 0.2486   0.4081E-03  0.1549E-03 -0.5574E-01  0.2024E-01      -1  -0.712E-01   20.00
  15   -28.0000    -754.761 0.2105   0.4355E-04  0.5668E-04 -0.3099E-01  0.1904E-01      -1  -0.396E-01   20.00
  16   -30.0000   -2005.956 0.1751   0.2792E-05  0.1575E-04 -0.7369E-02  0.1476E-01      -1  -0.941E-02   20.00
  17   -32.0000   -2185.383 0.1723   0.2022E-05  0.1374E-04  0.3786E-04  0.1337E-01      -1   0.484E-04   20.00
  18   -34.0000   -1951.411 0.1761   0.3049E-05  0.1641E-04  0.3738E-03  0.1291E-01      -1   0.477E-03   20.00
  19   -36.0000   -1698.518 0.1802   0.4183E-05  0.1928E-04  0.4763E-03  0.1242E-01      -1   0.608E-03   20.00
  20   -38.0000   -1506.777 0.1845   0.6334E-05  0.2307E-04  0.6000E-03  0.1173E-01      -1   0.766E-03   20.00
  21   -40.0000   -1317.674 0.1888   0.8654E-05  0.2704E-04  0.7390E-03  0.1097E-01      -1   0.944E-03   20.00
  22   -42.0000   -1171.306 0.1933   0.1287E-04  0.3207E-04  0.9091E-03  0.1009E-01      -1   0.116E-02   20.00
  23   -44.0000   -1032.295 0.1979   0.1753E-04  0.3745E-04  0.1113E-02  0.9153E-02      -1   0.142E-02   20.00
  24   -46.0000    -920.026 0.2026   0.2548E-04  0.4400E-04  0.1345E-02  0.8138E-02      -1   0.172E-02   20.00
  25   -48.0000    -817.790 0.2072   0.3458E-04  0.5108E-04  0.1655E-02  0.7076E-02      -1   0.211E-02   20.00
  26   -50.0000    -728.901 0.2121   0.4853E-04  0.5929E-04  0.1939E-02  0.5952E-02      -1   0.248E-02   20.00
  27   -52.0000    -654.211 0.2168   0.6558E-04  0.6822E-04  0.2322E-02  0.4762E-02      -1   0.297E-02   20.00
  28   -54.0000    -584.798 0.2215   0.8688E-04  0.7787E-04  0.2593E-02  0.3571E-02      -1   0.331E-02   20.00
  29   -56.0000    -531.833 0.2262   0.1185E-03  0.8898E-04  0.2756E-02  0.2381E-02      -1   0.352E-02   20.00
  30   -58.0000    -486.005 0.2302   0.1458E-03  0.9859E-04  0.2726E-02  0.1190E-02      -1   0.348E-02   20.00
  31   -60.0000    -452.322 0.2335   0.1770E-03  0.1075E-03  0.1717E-02  0.0000E+00      -1   0.219E-02   20.00
  32   -62.0000    -440.883 0.2349   0.1946E-03  0.1116E-03  0.5295E-03  0.0000E+00      -1   0.676E-03   20.00
  33   -64.0000    -437.040 0.2354   0.2005E-03  0.1130E-03  0.5090E-04  0.0000E+00      -1   0.650E-04   20.00
  34   -66.0000    -435.837 0.2355   0.2023E-03  0.1134E-03 -0.1242E-03  0.0000E+00      -1  -0.159E-03   20.00
  35   -68.0000    -435.496 0.2356   0.2029E-03  0.1135E-03 -0.1811E-03  0.0000E+00      -1  -0.231E-03   20.00
  36   -70.0000    -435.409 0.2356   0.2030E-03  0.1136E-03 -0.1975E-03  0.0000E+00      -1  -0.252E-03   20.00
  37   -72.0000    -435.389 0.2356   0.2030E-03  0.1136E-03 -0.2018E-03  0.0000E+00      -1  -0.258E-03   20.00
  38   -74.0000    -435.384 0.2356   0.2030E-03  0.1136E-03 -0.2028E-03  0.0000E+00      -1  -0.259E-03   20.00
  39   -76.0000    -435.384 0.2356   0.2030E-03  0.1136E-03 -0.2030E-03  0.0000E+00      -1  -0.259E-03   20.00
  40   -78.0000    -435.383 0.2356   0.2030E-03  0.1136E-03 -0.2030E-03  0.0000E+00      -1  -0.259E-03   20.00
  41   -80.0000    -435.383 0.2356   0.2030E-03  0.1136E-03 -0.2030E-03  0.0000E+00      -1  -0.259E-03   20.00
  42   -82.0000    -435.383 0.2356   0.2030E-03  0.1136E-03 -0.2030E-03  0.0000E+00      -1  -0.259E-03   20.00
  43   -84.0000    -435.383 0.2356   0.2030E-03  0.1136E-03 -0.2030E-03  0.0000E+00      -1  -0.259E-03   20.00
  44   -86.0000    -435.383 0.2356   0.2030E-03  0.1136E-03 -0.2030E-03  0.0000E+00      -1  -0.259E-03   20.00
  45   -88.0000    -435.383 0.2356   0.2030E-03  0.1136E-03 -0.2030E-03  0.0000E+00      -1  -0.259E-03   20.00
  46   -90.0000    -435.383 0.2356   0.2030E-03  0.1136E-03 -0.2030E-03  0.0000E+00      -1  -0.259E-03   20.00
  47   -92.0000    -435.383 0.2356   0.2030E-03  0.1136E-03 -0.2030E-03  0.0000E+00      -1  -0.259E-03   20.00
  48   -94.0000    -435.383 0.2356   0.2030E-03  0.1136E-03 -0.2030E-03  0.0000E+00      -1  -0.259E-03   20.00
  49   -96.0000    -435.383 0.2356   0.2030E-03  0.1136E-03 -0.2030E-03  0.0000E+00      -1  -0.259E-03   20.00
  50   -98.0000    -435.383 0.2356   0.2030E-03  0.1136E-03 -0.2030E-03  0.0000E+00      -1  -0.259E-03   20.00
  51  -100.0000    -435.383 0.2356   0.2030E-03  0.1136E-03 -0.2030E-03  0.0000E+00      -1  -0.259E-03   20.00
  52  -102.0000    -435.383 0.2356   0.2030E-03  0.1136E-03 -0.2030E-03  0.0000E+00      -1  -0.259E-03   20.00
  53  -104.0000    -435.383 0.2356   0.2030E-03  0.1136E-03 -0.2030E-03  0.0000E+00      -1  -0.259E-03   20.00
  54  -106.0000    -435.383 0.2356   0.2030E-03  0.1136E-03 -0.2030E-03  0.0000E+00      -1  -0.259E-03   20.00
  55  -108.0000    -435.383 0.2356   0.2030E-03  0.1136E-03 -0.2030E-03  0.0000E+00      -1  -0.259E-03   20.00
  56  -110.0000    -435.383 0.2356   0.2030E-03  0.1136E-03 -0.2030E-03  0.0000E+00      -1  -0.259E-03   20.00
  57  -112.0000    -435.383 0.2356   0.2030E-03  0.1136E-03 -0.2030E-03  0.0000E+00      -1  -0.259E-03   20.00
  58  -114.0000    -435.383 0.2356   0.2030E-03  0.1136E-03 -0.2030E-03  0.0000E+00      -1  -0.259E-03   20.00
  59  -116.0000    -435.383 0.2356   0.2030E-03  0.1136E-03 -0.2030E-03  0.0000E+00      -1  -0.259E-03   20.00
  60  -118.0000    -435.383 0.2356   0.2030E-03  0.1136E-03 -0.2030E-03  0.0000E+00      -1  -0.259E-03   20.00
  61  -120.0000    -435.383 0.2356   0.2030E-03  0.1136E-03 -0.2030E-03  0.0000E+00      -1  -0.259E-03   20.00
  62  -122.0000    -435.383 0.2356   0.2030E-03  0.1136E-03 -0.2030E-03  0.0000E+00      -1  -0.259E-03   20.00
  63  -124.0000    -435.383 0.2356   0.2030E-03  0.1136E-03 -0.2030E-03  0.0000E+00      -1  -0.259E-03   20.00
  64  -126.0000    -435.383 0.2356   0.2030E-03  0.1136E-03 -0.2030E-03  0.0000E+00      -1  -0.259E-03   20.00
  65  -128.0000    -435.383 0.2356   0.2030E-03  0.1136E-03 -0.2030E-03  0.0000E+00      -1  -0.259E-03   20.00
  66  -130.0000    -435.383 0.2356   0.2030E-03  0.1136E-03 -0.2030E-03  0.0000E+00      -1  -0.259E-03   20.00
  67  -132.0000    -435.383 0.2356   0.2030E-03  0.1136E-03 -0.2030E-03  0.0000E+00      -1  -0.259E-03   20.00
  68  -134.0000    -435.383 0.2356   0.2030E-03  0.1136E-03 -0.2030E-03  0.0000E+00      -1  -0.259E-03   20.00
  69  -136.0000    -435.383 0.2356   0.2030E-03  0.1136E-03 -0.2030E-03  0.0000E+00      -1  -0.259E-03   20.00
  70  -138.0000    -435.383 0.2356   0.2030E-03  0.1136E-03 -0.2030E-03  0.0000E+00      -1  -0.259E-03   20.00
  71  -140.0000    -435.383 0.2356   0.2030E-03  0.1136E-03 -0.2030E-03  0.0000E+00      -1  -0.259E-03   20.00
  72  -142.0000    -435.383 0.2356   0.2030E-03  0.1136E-03 -0.2030E-03  0.0000E+00      -1  -0.259E-03   20.00
  73  -144.0000    -435.383 0.2356   0.2030E-03  0.1136E-03 -0.2030E-03  0.0000E+00      -1  -0.259E-03   20.00
  74  -146.0000    -435.383 0.2356   0.2030E-03  0.1136E-03 -0.2030E-03  0.0000E+00      -1  -0.259E-03   20.00
  75  -148.0000    -435.383 0.2356   0.2030E-03  0.1136E-03 -0.2030E-03  0.0000E+00      -1  -0.259E-03   20.00
  76  -150.0000    -435.383 0.2356   0.2030E-03  0.1136E-03 -0.2030E-03  0.0000E+00      -1  -0.259E-03   20.00
  77  -152.0000    -435.383 0.2356   0.2030E-03  0.1136E-03 -0.2030E-03  0.0000E+00      -1  -0.259E-03   20.00
  78  -154.0000    -435.383 0.2356   0.2030E-03  0.1136E-03 -0.2030E-03  0.0000E+00      -1  -0.259E-03   20.00
  79  -156.0000    -435.383 0.2356   0.2030E-03  0.1136E-03 -0.2030E-03  0.0000E+00      -1  -0.259E-03   20.00
  80  -158.0000    -435.383 0.2356   0.2030E-03  0.1136E-03 -0.2030E-03  0.0000E+00      -1  -0.259E-03   20.00
  81  -160.0000    -435.383 0.2356   0.2030E-03  0.1136E-03 -0.2030E-03  0.0000E+00      -1  -0.259E-03   20.00
  82  -162.0000    -435.383 0.2356   0.2030E-03  0.1136E-03 -0.2030E-03  0.0000E+00      -1  -0.259E-03   20.00
  83  -164.0000    -435.383 0.2356   0.2030E-03  0.1136E-03 -0.2030E-03  0.0000E+00      -1  -0.259E-03   20.00
  84  -166.0000    -435.383 0.2356   0.2030E-03  0.1136E-03 -0.2030E-03  0.0000E+00      -1  -0.259E-03   20.00
  85  -168.0000    -435.383 0.2356   0.2030E-03  0.1136E-03 -0.2030E-03  0.0000E+00      -1  -0.259E-03   20.00
  86  -170.0000    -435.383 0.2356   0.2030E-03  0.1136E-03 -0.2030E-03  0.0000E+00      -1  -0.259E-03   20.00
  87  -172.0000    -435.383 0.2356   0.2030E-03  0.1136E-03 -0.2030E-03  0.0000E+00      -1  -0.259E-03   20.00
  88  -174.0000    -435.383 0.2356   0.2030E-03  0.1136E-03 -0.2030E-03  0.0000E+00      -1  -0.259E-03   20.00
  89  -176.0000    -435.383 0.2356   0.2030E-03  0.1136E-03 -0.2030E-03  0.0000E+00      -1  -0.259E-03   20.00
  90  -178.0000    -435.383 0.2356   0.2030E-03  0.1136E-03 -0.2030E-03  0.0000E+00      -1  -0.259E-03   20.00
  91  -180.0000    -435.383 0.2356   0.2030E-03  0.1136E-03 -0.2030E-03  0.0000E+00      -1  -0.259E-03   20.00
  92  -182.0000    -435.383 0.2356   0.2030E-03  0.1136E-03 -0.2030E-03  0.0000E+00      -1  -0.259E-03   20.00
  93  -184.0000    -435.383 0.2356   0.2030E-03  0.1136E-03 -0.2030E-03  0.0000E+00      -1  -0.259E-03   20.00
  94  -186.0000    -435.383 0.2356   0.2030E-03  0.1136E-03 -0.2030E-03  0.0000E+00      -1  -0.259E-03   20.00
  95  -188.0000    -435.383 0.2356   0.2030E-03  0.1136E-03 -0.2030E-03  0.0000E+00      -1  -0.259E-03   20.00
  96  -190.0000    -435.383 0.2356   0.2030E-03  0.1136E-03 -0.2030E-03  0.0000E+00      -1  -0.259E-03   20.00
  97  -192.0000    -435.383 0.2356   0.2030E-03  0.1136E-03 -0.2030E-03  0.0000E+00      -1  -0.259E-03   20.00
  98  -194.0000    -435.383 0.2356   0.2030E-03  0.1136E-03 -0.2030E-03  0.0000E+00      -1  -0.259E-03   20.00
  99  -196.0000    -435.383 0.2356   0.2030E-03  0.1136E-03 -0.2030E-03  0.0000E+00      -1  -0.259E-03   20.00
 100  -198.0000    -435.383 0.2356   0.2030E-03  0.1136E-03 -0.2030E-03  0.0000E+00      -1  -0.259E-03   20.00
 101  -200.0000    -435.383 0.2356   0.2030E-03  0.1136E-03 -0.2030E-03  0.0000E+00      -1  -0.259E-03   20.00
end


 Time:        5.0000


 Node      Depth      Head Moisture       K          C         Flux        Sink         Kappa   v/KsTop   Temp
           [L]        [L]    [-]        [L/T]      [1/L]      [L/T]        [1/T]         [-]      [-]      [C]

   1     0.0000    -116.411 0.3057   0.5789E-02  0.4596E-03 -0.2608E-07  0.0000E+00      -1  -0.333E-07   20.00
   2    -2.0000    -122.970 0.3027   0.5027E-02  0.4379E-03 -0.2000E-01  0.2857E-01      -1  -0.255E-01   20.00
   3    -4.0000    -128.100 0.3003   0.4433E-02  0.4210E-03 -0.1541E-01  0.2857E-01      -1  -0.197E-01   20.00
   4    -6.0000    -132.595 0.2986   0.4159E-02  0.4100E-03 -0.1336E-01  0.2857E-01      -1  -0.171E-01   20.00
   5    -8.0000    -136.910 0.2970   0.3930E-02  0.3998E-03 -0.1269E-01  0.2857E-01      -1  -0.162E-01   20.00
   6   -10.0000    -141.531 0.2953   0.3682E-02  0.3888E-03 -0.1276E-01  0.2857E-01      -1  -0.163E-01   20.00
   7   -12.0000    -146.834 0.2933   0.3395E-02  0.3761E-03 -0.1307E-01  0.2857E-01      -1  -0.167E-01   20.00
   8   -14.0000    -153.029 0.2910   0.3061E-02  0.3612E-03 -0.1423E-01  0.2738E-01      -1  -0.182E-01   20.00
   9   -16.0000    -161.802 0.2877   0.2593E-02  0.3404E-03 -0.1684E-01  0.2619E-01      -1  -0.215E-01   20.00
  10   -18.0000    -175.370 0.2834   0.2150E-02  0.3157E-03 -0.2043E-01  0.2500E-01      -1  -0.261E-01   20.00
  11   -20.0000    -196.945 0.2772   0.1651E-02  0.2815E-03 -0.2421E-01  0.2381E-01      -1  -0.309E-01   20.00
  12   -22.0000    -233.316 0.2679   0.1062E-02  0.2350E-03 -0.2740E-01  0.2262E-01      -1  -0.350E-01   20.00
  13   -24.0000    -303.371 0.2539   0.5350E-03  0.1749E-03 -0.2855E-01  0.2143E-01      -1  -0.365E-01   20.00
  14   -26.0000    -465.012 0.2321   0.1574E-03  0.1027E-03 -0.2551E-01  0.2024E-01      -1  -0.326E-01   20.00
  15   -28.0000    -972.870 0.2002   0.2053E-04  0.4015E-04 -0.1607E-01  0.1846E-01      -1  -0.205E-01   20.00
  16   -30.0000   -2717.677 0.1661   0.1125E-05  0.1038E-04 -0.4881E-02  0.1301E-01      -1  -0.623E-02   20.00
  17   -32.0000   -3440.810 0.1598   0.5691E-06  0.7521E-05 -0.7022E-04  0.1048E-01      -1  -0.897E-04   20.00
  18   -34.0000   -2976.399 0.1637   0.8733E-06  0.9207E-05  0.2083E-03  0.1072E-01      -1   0.266E-03   20.00
  19   -36.0000   -2536.728 0.1682   0.1410E-05  0.1144E-04  0.3053E-03  0.1077E-01      -1   0.390E-03   20.00
  20   -38.0000   -2130.435 0.1730   0.2159E-05  0.1415E-04  0.3997E-03  0.1060E-01      -1   0.511E-03   20.00
  21   -40.0000   -1823.448 0.1781   0.3596E-05  0.1779E-04  0.5365E-03  0.1014E-01      -1   0.685E-03   20.00
  22   -42.0000   -1549.528 0.1834   0.5733E-05  0.2204E-04  0.7401E-03  0.9533E-02      -1   0.945E-03   20.00
  23   -44.0000   -1312.872 0.1889   0.8689E-05  0.2709E-04  0.9309E-03  0.8784E-02      -1   0.119E-02   20.00
  24   -46.0000   -1132.673 0.1946   0.1411E-04  0.3350E-04  0.1230E-02  0.7893E-02      -1   0.157E-02   20.00
  25   -48.0000    -967.528 0.2004   0.2131E-04  0.4076E-04  0.1580E-02  0.6929E-02      -1   0.202E-02   20.00
  26   -50.0000    -838.159 0.2063   0.3253E-04  0.4949E-04  0.1993E-02  0.5880E-02      -1   0.255E-02   20.00
  27   -52.0000    -725.141 0.2123   0.4934E-04  0.5971E-04  0.2482E-02  0.4762E-02      -1   0.317E-02   20.00
  28   -54.0000    -633.213 0.2181   0.7037E-04  0.7073E-04  0.2932E-02  0.3571E-02      -1   0.375E-02   20.00
  29   -56.0000    -557.936 0.2239   0.1029E-03  0.8349E-04  0.3224E-02  0.2381E-02      -1   0.412E-02   20.00
  30   -58.0000    -501.245 0.2289   0.1367E-03  0.9540E-04  0.3134E-02  0.1190E-02      -1   0.400E-02   20.00
  31   -60.0000    -459.672 0.2327   0.1657E-03  0.1048E-03  0.2094E-02  0.0000E+00      -1   0.267E-02   20.00
  32   -62.0000    -444.199 0.2345   0.1895E-03  0.1104E-03  0.7809E-03  0.0000E+00      -1   0.997E-03   20.00
  33   -64.0000    -438.429 0.2352   0.1983E-03  0.1125E-03  0.1862E-03  0.0000E+00      -1   0.238E-03   20.00
  34   -66.0000    -436.360 0.2355   0.2015E-03  0.1132E-03 -0.6289E-04  0.0000E+00      -1  -0.803E-04   20.00
  35   -68.0000    -435.673 0.2355   0.2026E-03  0.1135E-03 -0.1570E-03  0.0000E+00      -1  -0.201E-03   20.00
  36   -70.0000    -435.463 0.2356   0.2029E-03  0.1136E-03 -0.1892E-03  0.0000E+00      -1  -0.242E-03   20.00
  37   -72.0000    -435.404 0.2356   0.2030E-03  0.1136E-03 -0.1992E-03  0.0000E+00      -1  -0.254E-03   20.00
  38   -74.0000    -435.388 0.2356   0.2030E-03  0.1136E-03 -0.2020E-03  0.0000E+00      -1  -0.258E-03   20.00
  39   -76.0000    -435.384 0.2356   0.2030E-03  0.1136E-03 -0.2028E-03  0.0000E+00      -1  -0.259E-03   20.00
  40   -78.0000    -435.383 0.2356   0.2030E-03  0.1136E-03 -0.2030E-03  0.0000E+00      -1  -0.259E-03   20.00
  41   -80.0000    -435.383 0.2356   0.2030E-03  0.1136E-03 -0.2030E-03  0.0000E+00      -1  -0.259E-03   20.00
  42   -82.0000    -435.383 0.2356   0.2030E-03  0.1136E-03 -0.2030E-03  0.0000E+00      -1  -0.259E-03   20.00
  43   -84.0000    -435.383 0.2356   0.2030E-03  0.1136E-03 -0.2030E-03  0.0000E+00      -1  -0.259E-03   20.00
  44   -86.0000    -435.383 0.2356   0.2030E-03  0.1136E-03 -0.2030E-03  0.0000E+00      -1  -0.259E-03   20.00
  45   -88.0000    -435.383 0.2356   0.2030E-03  0.1136E-03 -0.2030E-03  0.0000E+00      -1  -0.259E-03   20.00
  46   -90.0000    -435.383 0.2356   0.2030E-03  0.1136E-03 -0.2030E-03  0.0000E+00      -1  -0.259E-03   20.00
  47   -92.0000    -435.383 0.2356   0.2030E-03  0.1136E-03 -0.2030E-03  0.0000E+00      -1  -0.259E-03   20.00
  48   -94.0000    -435.383 0.2356   0.2030E-03  0.1136E-03 -0.2030E-03  0.0000E+00      -1  -0.259E-03   20.00
  49   -96.0000    -435.383 0.2356   0.2030E-03  0.1136E-03 -0.2030E-03  0.0000E+00      -1  -0.259E-03   20.00
  50   -98.0000    -435.383 0.2356   0.2030E-03  0.1136E-03 -0.2030E-03  0.0000E+00      -1  -0.259E-03   20.00
  51  -100.0000    -435.383 0.2356   0.2030E-03  0.1136E-03 -0.2030E-03  0.0000E+00      -1  -0.259E-03   20.00
  52  -102.0000    -435.383 0.2356   0.2030E-03  0.1136E-03 -0.2030E-03  0.0000E+00      -1  -0.259E-03   20.00
  53  -104.0000    -435.383 0.2356   0.2030E-03  0.1136E-03 -0.2030E-03  0.0000E+00      -1  -0.259E-03   20.00
  54  -106.0000    -435.383 0.2356   0.2030E-03  0.1136E-03 -0.2030E-03  0.0000E+00      -1  -0.259E-03   20.00
  55  -108.0000    -435.383 0.2356   0.2030E-03  0.1136E-03 -0.2030E-03  0.0000E+00      -1  -0.259E-03   20.00
  56  -110.0000    -435.383 0.2356   0.2030E-03  0.1136E-03 -0.2030E-03  0.0000E+00      -1  -0.259E-03   20.00
  57  -112.0000    -435.383 0.2356   0.2030E-03  0.1136E-03 -0.2030E-03  0.0000E+00      -1  -0.259E-03   20.00
  58  -114.0000    -435.383 0.2356   0.2030E-03  0.1136E-03 -0.2030E-03  0.0000E+00      -1  -0.259E-03   20.00
  59  -116.0000    -435.383 0.2356   0.2030E-03  0.1136E-03 -0.2030E-03  0.0000E+00      -1  -0.259E-03   20.00
  60  -118.0000    -435.383 0.2356   0.2030E-03  0.1136E-03 -0.2030E-03  0.0000E+00      -1  -0.259E-03   20.00
  61  -120.0000    -435.383 0.2356   0.2030E-03  0.1136E-03 -0.2030E-03  0.0000E+00      -1  -0.259E-03   20.00
  62  -122.0000    -435.383 0.2356   0.2030E-03  0.1136E-03 -0.2030E-03  0.0000E+00      -1  -0.259E-03   20.00
  63  -124.0000    -435.383 0.2356   0.2030E-03  0.1136E-03 -0.2030E-03  0.0000E+00      -1  -0.259E-03   20.00
  64  -126.0000    -435.383 0.2356   0.2030E-03  0.1136E-03 -0.2030E-03  0.0000E+00      -1  -0.259E-03   20.00
  65  -128.0000    -435.383 0.2356   0.2030E-03  0.1136E-03 -0.2030E-03  0.0000E+00      -1  -0.259E-03   20.00
  66  -130.0000    -435.383 0.2356   0.2030E-03  0.1136E-03 -0.2030E-03  0.0000E+00      -1  -0.259E-03   20.00
  67  -132.0000    -435.383 0.2356   0.2030E-03  0.1136E-03 -0.2030E-03  0.0000E+00      -1  -0.259E-03   20.00
  68  -134.0000    -435.383 0.2356   0.2030E-03  0.1136E-03 -0.2030E-03  0.0000E+00      -1  -0.259E-03   20.00
  69  -136.0000    -435.383 0.2356   0.2030E-03  0.1136E-03 -0.2030E-03  0.0000E+00      -1  -0.259E-03   20.00
  70  -138.0000    -435.383 0.2356   0.2030E-03  0.1136E-03 -0.2030E-03  0.0000E+00      -1  -0.259E-03   20.00
  71  -140.0000    -435.383 0.2356   0.2030E-03  0.1136E-03 -0.2030E-03  0.0000E+00      -1  -0.259E-03   20.00
  72  -142.0000    -435.383 0.2356   0.2030E-03  0.1136E-03 -0.2030E-03  0.0000E+00      -1  -0.259E-03   20.00
  73  -144.0000    -435.383 0.2356   0.2030E-03  0.1136E-03 -0.2030E-03  0.0000E+00      -1  -0.259E-03   20.00
  74  -146.0000    -435.383 0.2356   0.2030E-03  0.1136E-03 -0.2030E-03  0.0000E+00      -1  -0.259E-03   20.00
  75  -148.0000    -435.383 0.2356   0.2030E-03  0.1136E-03 -0.2030E-03  0.0000E+00      -1  -0.259E-03   20.00
  76  -150.0000    -435.383 0.2356   0.2030E-03  0.1136E-03 -0.2030E-03  0.0000E+00      -1  -0.259E-03   20.00
  77  -152.0000    -435.383 0.2356   0.2030E-03  0.1136E-03 -0.2030E-03  0.0000E+00      -1  -0.259E-03   20.00
  78  -154.0000    -435.383 0.2356   0.2030E-03  0.1136E-03 -0.2030E-03  0.0000E+00      -1  -0.259E-03   20.00
  79  -156.0000    -435.383 0.2356   0.2030E-03  0.1136E-03 -0.2030E-03  0.0000E+00      -1  -0.259E-03   20.00
  80  -158.0000    -435.383 0.2356   0.2030E-03  0.1136E-03 -0.2030E-03  0.0000E+00      -1  -0.259E-03   20.00
  81  -160.0000    -435.383 0.2356   0.2030E-03  0.1136E-03 -0.2030E-03  0.0000E+00      -1  -0.259E-03   20.00
  82  -162.0000    -435.383 0.2356   0.2030E-03  0.1136E-03 -0.2030E-03  0.0000E+00      -1  -0.259E-03   20.00
  83  -164.0000    -435.383 0.2356   0.2030E-03  0.1136E-03 -0.2030E-03  0.0000E+00      -1  -0.259E-03   20.00
  84  -166.0000    -435.383 0.2356   0.2030E-03  0.1136E-03 -0.2030E-03  0.0000E+00      -1  -0.259E-03   20.00
  85  -168.0000    -435.383 0.2356   0.2030E-03  0.1136E-03 -0.2030E-03  0.0000E+00      -1  -0.259E-03   20.00
  86  -170.0000    -435.383 0.2356   0.2030E-03  0.1136E-03 -0.2030E-03  0.0000E+00      -1  -0.259E-03   20.00
  87  -172.0000    -435.383 0.2356   0.2030E-03  0.1136E-03 -0.2030E-03  0.0000E+00      -1  -0.259E-03   20.00
  88  -174.0000    -435.383 0.2356   0.2030E-03  0.1136E-03 -0.2030E-03  0.0000E+00      -1  -0.259E-03   20.00
  89  -176.0000    -435.383 0.2356   0.2030E-03  0.1136E-03 -0.2030E-03  0.0000E+00      -1  -0.259E-03   20.00
  90  -178.0000    -435.383 0.2356   0.2030E-03  0.1136E-03 -0.2030E-03  0.0000E+00      -1  -0.259E-03   20.00
  91  -180.0000    -435.383 0.2356   0.2030E-03  0.1136E-03 -0.2030E-03  0.0000E+00      -1  -0.259E-03   20.00
  92  -182.0000    -435.383 0.2356   0.2030E-03  0.1136E-03 -0.2030E-03  0.0000E+00      -1  -0.259E-03   20.00
  93  -184.0000    -435.383 0.2356   0.2030E-03  0.1136E-03 -0.2030E-03  0.0000E+00      -1  -0.259E-03   20.00
  94  -186.0000    -435.383 0.2356   0.2030E-03  0.1136E-03 -0.2030E-03  0.0000E+00      -1  -0.259E-03   20.00
  95  -188.0000    -435.383 0.2356   0.2030E-03  0.1136E-03 -0.2030E-03  0.0000E+00      -1  -0.259E-03   20.00
  96  -190.0000    -435.383 0.2356   0.2030E-03  0.1136E-03 -0.2030E-03  0.0000E+00      -1  -0.259E-03   20.00
  97  -192.0000    -435.383 0.2356   0.2030E-03  0.1136E-03 -0.2030E-03  0.0000E+00      -1  -0.259E-03   20.00
  98  -194.0000    -435.383 0.2356   0.2030E-03  0.1136E-03 -0.2030E-03  0.0000E+00      -1  -0.259E-03   20.00
  99  -196.0000    -435.383 0.2356   0.2030E-03  0.1136E-03 -0.2030E-03  0.0000E+00      -1  -0.259E-03   20.00
 100  -198.0000    -435.383 0.2356   0.2030E-03  0.1136E-03 -0.2030E-03  0.0000E+00      -1  -0.259E-03   20.00
 101  -200.0000    -435.383 0.2356   0.2030E-03  0.1136E-03 -0.2030E-03  0.0000E+00      -1  -0.259E-03   20.00
end


 Time:        6.0000


 Node      Depth      Head Moisture       K          C         Flux        Sink         Kappa   v/KsTop   Temp
           [L]        [L]    [-]        [L/T]      [1/L]      [L/T]        [1/T]         [-]      [-]      [C]

   1     0.0000    -173.651 0.2839   0.2183E-02  0.3179E-03  0.3912E-07  0.0000E+00      -1   0.500E-07   20.00
   2    -2.0000    -193.612 0.2781   0.1724E-02  0.2866E-03 -0.1724E-01  0.2857E-01      -1  -0.220E-01   20.00
   3    -4.0000    -208.364 0.2738   0.1385E-02  0.2634E-03 -0.1079E-01  0.2857E-01      -1  -0.138E-01   20.00
   4    -6.0000    -219.633 0.2709   0.1193E-02  0.2486E-03 -0.7598E-02  0.2857E-01      -1  -0.971E-02   20.00
   5    -8.0000    -229.219 0.2688   0.1101E-02  0.2391E-03 -0.6184E-02  0.2857E-01      -1  -0.790E-02   20.00
   6   -10.0000    -238.033 0.2669   0.1016E-02  0.2302E-03 -0.5470E-02  0.2857E-01      -1  -0.699E-02   20.00
   7   -12.0000    -246.757 0.2650   0.9299E-03  0.2213E-03 -0.4891E-02  0.2857E-01      -1  -0.625E-02   20.00
   8   -14.0000    -255.030 0.2631   0.8483E-03  0.2128E-03 -0.4902E-02  0.2738E-01      -1  -0.626E-02   20.00
   9   -16.0000    -266.226 0.2607   0.7395E-03  0.2014E-03 -0.5916E-02  0.2619E-01      -1  -0.756E-02   20.00
  10   -18.0000    -283.775 0.2572   0.6099E-03  0.1866E-03 -0.7654E-02  0.2500E-01      -1  -0.978E-02   20.00
  11   -20.0000    -313.328 0.2523   0.4947E-03  0.1685E-03 -0.9570E-02  0.2381E-01      -1  -0.122E-01   20.00
  12   -22.0000    -363.024 0.2443   0.3121E-03  0.1393E-03 -0.1129E-01  0.2262E-01      -1  -0.144E-01   20.00
  13   -24.0000    -464.528 0.2321   0.1574E-03  0.1027E-03 -0.1260E-01  0.2143E-01      -1  -0.161E-01   20.00
  14   -26.0000    -711.787 0.2132   0.5193E-04  0.6107E-04 -0.1197E-01  0.2024E-01      -1  -0.153E-01   20.00
  15   -28.0000   -1448.773 0.1858   0.7046E-05  0.2428E-04 -0.7760E-02  0.1721E-01      -1  -0.991E-02   20.00
  16   -30.0000   -3930.510 0.1566   0.4009E-06  0.6380E-05 -0.2399E-02  0.1002E-01      -1  -0.306E-02   20.00
  17   -32.0000   -5105.795 0.1504   0.1889E-06  0.4480E-05 -0.4633E-04  0.6653E-02      -1  -0.592E-04   20.00
  18   -34.0000   -4414.623 0.1537   0.2808E-06  0.5395E-05  0.1073E-03  0.7654E-02      -1   0.137E-03   20.00
  19   -36.0000   -3687.868 0.1580   0.4571E-06  0.6840E-05  0.1642E-03  0.8497E-02      -1   0.210E-03   20.00
  20   -38.0000   -3072.206 0.1629   0.8120E-06  0.8867E-05  0.2495E-03  0.8901E-02      -1   0.319E-03   20.00
  21   -40.0000   -2526.708 0.1683   0.1427E-05  0.1151E-04  0.3784E-03  0.8987E-02      -1   0.483E-03   20.00
  22   -42.0000   -2061.899 0.1742   0.2485E-05  0.1498E-04  0.5407E-03  0.8776E-02      -1   0.691E-03   20.00
  23   -44.0000   -1685.732 0.1804   0.4236E-05  0.1941E-04  0.7364E-03  0.8295E-02      -1   0.941E-03   20.00
  24   -46.0000   -1398.964 0.1870   0.7620E-05  0.2527E-04  0.1043E-02  0.7587E-02      -1   0.133E-02   20.00
  25   -48.0000   -1159.241 0.1937   0.1326E-04  0.3252E-04  0.1485E-02  0.6740E-02      -1   0.190E-02   20.00
  26   -50.0000    -960.716 0.2007   0.2192E-04  0.4123E-04  0.1963E-02  0.5779E-02      -1   0.251E-02   20.00
  27   -52.0000    -805.343 0.2078   0.3541E-04  0.5173E-04  0.2507E-02  0.4726E-02      -1   0.320E-02   20.00
  28   -54.0000    -683.840 0.2149   0.5881E-04  0.6467E-04  0.3173E-02  0.3571E-02      -1   0.405E-02   20.00
  29   -56.0000    -584.864 0.2215   0.8683E-04  0.7785E-04  0.3547E-02  0.2381E-02      -1   0.453E-02   20.00
  30   -58.0000    -516.407 0.2275   0.1277E-03  0.9222E-04  0.3423E-02  0.1190E-02      -1   0.437E-02   20.00
  31   -60.0000    -468.195 0.2318   0.1564E-03  0.1023E-03  0.2411E-02  0.0000E+00      -1   0.308E-02   20.00
  32   -62.0000    -448.069 0.2340   0.1835E-03  0.1090E-03  0.1049E-02  0.0000E+00      -1   0.134E-02   20.00
  33   -64.0000    -440.195 0.2350   0.1956E-03  0.1118E-03  0.3322E-03  0.0000E+00      -1   0.424E-03   20.00
  34   -66.0000    -437.107 0.2354   0.2004E-03  0.1130E-03  0.1089E-04  0.0000E+00      -1   0.139E-04   20.00
  35   -68.0000    -435.961 0.2355   0.2021E-03  0.1134E-03 -0.1241E-03  0.0000E+00      -1  -0.159E-03   20.00
  36   -70.0000    -435.564 0.2356   0.2027E-03  0.1135E-03 -0.1761E-03  0.0000E+00      -1  -0.225E-03   20.00
  37   -72.0000    -435.437 0.2356   0.2029E-03  0.1136E-03 -0.1945E-03  0.0000E+00      -1  -0.248E-03   20.00
  38   -74.0000    -435.398 0.2356   0.2030E-03  0.1136E-03 -0.2005E-03  0.0000E+00      -1  -0.256E-03   20.00
  39   -76.0000    -435.387 0.2356   0.2030E-03  0.1136E-03 -0.2023E-03  0.0000E+00      -1  -0.258E-03   20.00
  40   -78.0000    -435.384 0.2356   0.2030E-03  0.1136E-03 -0.2028E-03  0.0000E+00      -1  -0.259E-03   20.00
  41   -80.0000    -435.384 0.2356   0.2030E-03  0.1136E-03 -0.2030E-03  0.0000E+00      -1  -0.259E-03   20.00
  42   -82.0000    -435.383 0.2356   0.2030E-03  0.1136E-03 -0.2030E-03  0.0000E+00      -1  -0.259E-03   20.00
  43   -84.0000    -435.383 0.2356   0.2030E-03  0.1136E-03 -0.2030E-03  0.0000E+00      -1  -0.259E-03   20.00
  44   -86.0000    -435.383 0.2356   0.2030E-03  0.1136E-03 -0.2030E-03  0.0000E+00      -1  -0.259E-03   20.00
  45   -88.0000    -435.383 0.2356   0.2030E-03  0.1136E-03 -0.2030E-03  0.0000E+00      -1  -0.259E-03   20.00
  46   -90.0000    -435.383 0.2356   0.2030E-03  0.1136E-03 -0.2030E-03  0.0000E+00      -1  -0.259E-03   20.00
  47   -92.0000    -435.383 0.2356   0.2030E-03  0.1136E-03 -0.2030E-03  0.0000E+00      -1  -0.259E-03   20.00
  48   -94.0000    -435.383 0.2356   0.2030E-03  0.1136E-03 -0.2030E-03  0.0000E+00      -1  -0.259E-03   20.00
  49   -96.0000    -435.383 0.2356   0.2030E-03  0.1136E-03 -0.2030E-03  0.0000E+00      -1  -0.259E-03   20.00
  50   -98.0000    -435.383 0.2356   0.2030E-03  0.1136E-03 -0.2030E-03  0.0000E+00      -1  -0.259E-03   20.00
  51  -100.0000    -435.383 0.2356   0.2030E-03  0.1136E-03 -0.2030E-03  0.0000E+00      -1  -0.259E-03   20.00
  52  -102.0000    -435.383 0.2356   0.2030E-03  0.1136E-03 -0.2030E-03  0.0000E+00      -1  -0.259E-03   20.00
  53  -104.0000    -435.383 0.2356   0.2030E-03  0.1136E-03 -0.2030E-03  0.0000E+00      -1  -0.259E-03   20.00
  54  -106.0000    -435.383 0.2356   0.2030E-03  0.1136E-03 -0.2030E-03  0.0000E+00      -1  -0.259E-03   20.00
  55  -108.0000    -435.383 0.2356   0.2030E-03  0.1136E-03 -0.2030E-03  0.0000E+00      -1  -0.259E-03   20.00
  56  -110.0000    -435.383 0.2356   0.2030E-03  0.1136E-03 -0.2030E-03  0.0000E+00      -1  -0.259E-03   20.00
  57  -112.0000    -435.383 0.2356   0.2030E-03  0.1136E-03 -0.2030E-03  0.0000E+00      -1  -0.259E-03   20.00
  58  -114.0000    -435.383 0.2356   0.2030E-03  0.1136E-03 -0.2030E-03  0.0000E+00      -1  -0.259E-03   20.00
  59  -116.0000    -435.383 0.2356   0.2030E-03  0.1136E-03 -0.2030E-03  0.0000E+00      -1  -0.259E-03   20.00
  60  -118.0000    -435.383 0.2356   0.2030E-03  0.1136E-03 -0.2030E-03  0.0000E+00      -1  -0.259E-03   20.00
  61  -120.0000    -435.383 0.2356   0.2030E-03  0.1136E-03 -0.2030E-03  0.0000E+00      -1  -0.259E-03   20.00
  62  -122.0000    -435.383 0.2356   0.2030E-03  0.1136E-03 -0.2030E-03  0.0000E+00      -1  -0.259E-03   20.00
  63  -124.0000    -435.383 0.2356   0.2030E-03  0.1136E-03 -0.2030E-03  0.0000E+00      -1  -0.259E-03   20.00
  64  -126.0000    -435.383 0.2356   0.2030E-03  0.1136E-03 -0.2030E-03  0.0000E+00      -1  -0.259E-03   20.00
  65  -128.0000    -435.383 0.2356   0.2030E-03  0.1136E-03 -0.2030E-03  0.0000E+00      -1  -0.259E-03   20.00
  66  -130.0000    -435.383 0.2356   0.2030E-03  0.1136E-03 -0.2030E-03  0.0000E+00      -1  -0.259E-03   20.00
  67  -132.0000    -435.383 0.2356   0.2030E-03  0.1136E-03 -0.2030E-03  0.0000E+00      -1  -0.259E-03   20.00
  68  -134.0000    -435.383 0.2356   0.2030E-03  0.1136E-03 -0.2030E-03  0.0000E+00      -1  -0.259E-03   20.00
  69  -136.0000    -435.383 0.2356   0.2030E-03  0.1136E-03 -0.2030E-03  0.0000E+00      -1  -0.259E-03   20.00
  70  -138.0000    -435.383 0.2356   0.2030E-03  0.1136E-03 -0.2030E-03  0.0000E+00      -1  -0.259E-03   20.00
  71  -140.0000    -435.383 0.2356   0.2030E-03  0.1136E-03 -0.2030E-03  0.0000E+00      -1  -0.259E-03   20.00
  72  -142.0000    -435.383 0.2356   0.2030E-03  0.1136E-03 -0.2030E-03  0.0000E+00      -1  -0.259E-03   20.00
  73  -144.0000    -435.383 0.2356   0.2030E-03  0.1136E-03 -0.2030E-03  0.0000E+00      -1  -0.259E-03   20.00
  74  -146.0000    -435.383 0.2356   0.2030E-03  0.1136E-03 -0.2030E-03  0.0000E+00      -1  -0.259E-03   20.00
  75  -148.0000    -435.383 0.2356   0.2030E-03  0.1136E-03 -0.2030E-03  0.0000E+00      -1  -0.259E-03   20.00
  76  -150.0000    -435.383 0.2356   0.2030E-03  0.1136E-03 -0.2030E-03  0.0000E+00      -1  -0.259E-03   20.00
  77  -152.0000    -435.383 0.2356   0.2030E-03  0.1136E-03 -0.2030E-03  0.0000E+00      -1  -0.259E-03   20.00
  78  -154.0000    -435.383 0.2356   0.2030E-03  0.1136E-03 -0.2030E-03  0.0000E+00      -1  -0.259E-03   20.00
  79  -156.0000    -435.383 0.2356   0.2030E-03  0.1136E-03 -0.2030E-03  0.0000E+00      -1  -0.259E-03   20.00
  80  -158.0000    -435.383 0.2356   0.2030E-03  0.1136E-03 -0.2030E-03  0.0000E+00      -1  -0.259E-03   20.00
  81  -160.0000    -435.383 0.2356   0.2030E-03  0.1136E-03 -0.2030E-03  0.0000E+00      -1  -0.259E-03   20.00
  82  -162.0000    -435.383 0.2356   0.2030E-03  0.1136E-03 -0.2030E-03  0.0000E+00      -1  -0.259E-03   20.00
  83  -164.0000    -435.383 0.2356   0.2030E-03  0.1136E-03 -0.2030E-03  0.0000E+00      -1  -0.259E-03   20.00
  84  -166.0000    -435.383 0.2356   0.2030E-03  0.1136E-03 -0.2030E-03  0.0000E+00      -1  -0.259E-03   20.00
  85  -168.0000    -435.383 0.2356   0.2030E-03  0.1136E-03 -0.2030E-03  0.0000E+00      -1  -0.259E-03   20.00
  86  -170.0000    -435.383 0.2356   0.2030E-03  0.1136E-03 -0.2030E-03  0.0000E+00      -1  -0.259E-03   20.00
  87  -172.0000    -435.383 0.2356   0.2030E-03  0.1136E-03 -0.2030E-03  0.0000E+00      -1  -0.259E-03   20.00
  88  -174.0000    -435.383 0.2356   0.2030E-03  0.1136E-03 -0.2030E-03  0.0000E+00      -1  -0.259E-03   20.00
  89  -176.0000    -435.383 0.2356   0.2030E-03  0.1136E-03 -0.2030E-03  0.0000E+00      -1  -0.259E-03   20.00
  90  -178.0000    -435.383 0.2356   0.2030E-03  0.1136E-03 -0.2030E-03  0.0000E+00      -1  -0.259E-03   20.00
  91  -180.0000    -435.383 0.2356   0.2030E-03  0.1136E-03 -0.2030E-03  0.0000E+00      -1  -0.259E-03   20.00
  92  -182.0000    -435.383 0.2356   0.2030E-03  0.1136E-03 -0.2030E-03  0.0000E+00      -1  -0.259E-03   20.00
  93  -184.0000    -435.383 0.2356   0.2030E-03  0.1136E-03 -0.2030E-03  0.0000E+00      -1  -0.259E-03   20.00
  94  -186.0000    -435.383 0.2356   0.2030E-03  0.1136E-03 -0.2030E-03  0.0000E+00      -1  -0.259E-03   20.00
  95  -188.0000    -435.383 0.2356   0.2030E-03  0.1136E-03 -0.2030E-03  0.0000E+00      -1  -0.259E-03   20.00
  96  -190.0000    -435.383 0.2356   0.2030E-03  0.1136E-03 -0.2030E-03  0.0000E+00      -1  -0.259E-03   20.00
  97  -192.0000    -435.383 0.2356   0.2030E-03  0.1136E-03 -0.2030E-03  0.0000E+00      -1  -0.259E-03   20.00
  98  -194.0000    -435.383 0.2356   0.2030E-03  0.1136E-03 -0.2030E-03  0.0000E+00      -1  -0.259E-03   20.00
  99  -196.0000    -435.383 0.2356   0.2030E-03  0.1136E-03 -0.2030E-03  0.0000E+00      -1  -0.259E-03   20.00
 100  -198.0000    -435.383 0.2356   0.2030E-03  0.1136E-03 -0.2030E-03  0.0000E+00      -1  -0.259E-03   20.00
 101  -200.0000    -435.383 0.2356   0.2030E-03  0.1136E-03 -0.2030E-03  0.0000E+00      -1  -0.259E-03   20.00
end


 Time:        7.0000


 Node      Depth      Head Moisture       K          C         Flux        Sink         Kappa   v/KsTop   Temp
           [L]        [L]    [-]        [L/T]      [1/L]      [L/T]        [1/T]         [-]      [-]      [C]

   1     0.0000    -249.022 0.2644   0.9162E-03  0.2198E-03 -0.1304E-07  0.0000E+00      -1  -0.167E-07   20.00
   2    -2.0000    -300.539 0.2543   0.5437E-03  0.1762E-03 -0.1475E-01  0.2857E-01      -1  -0.188E-01   20.00
   3    -4.0000    -341.566 0.2476   0.3834E-03  0.1511E-03 -0.7659E-02  0.2857E-01      -1  -0.978E-02   20.00
   4    -6.0000    -370.870 0.2433   0.2997E-03  0.1364E-03 -0.4353E-02  0.2857E-01      -1  -0.556E-02   20.00
   5    -8.0000    -392.626 0.2407   0.2660E-03  0.1284E-03 -0.2909E-02  0.2857E-01      -1  -0.372E-02   20.00
   6   -10.0000    -410.105 0.2386   0.2389E-03  0.1220E-03 -0.2191E-02  0.2857E-01      -1  -0.280E-02   20.00
   7   -12.0000    -425.034 0.2368   0.2158E-03  0.1166E-03 -0.1548E-02  0.2857E-01      -1  -0.198E-02   20.00
   8   -14.0000    -434.265 0.2356   0.2017E-03  0.1133E-03 -0.1283E-02  0.2738E-01      -1  -0.164E-02   20.00
   9   -16.0000    -446.767 0.2341   0.1827E-03  0.1088E-03 -0.1734E-02  0.2619E-01      -1  -0.221E-02   20.00
  10   -18.0000    -469.381 0.2316   0.1545E-03  0.1016E-03 -0.2592E-02  0.2500E-01      -1  -0.331E-02   20.00
  11   -20.0000    -511.171 0.2279   0.1296E-03  0.9291E-04 -0.3656E-02  0.2381E-01      -1  -0.467E-02   20.00
  12   -22.0000    -587.830 0.2212   0.8401E-04  0.7686E-04 -0.4730E-02  0.2262E-01      -1  -0.604E-02   20.00
  13   -24.0000    -752.476 0.2105   0.4222E-04  0.5599E-04 -0.5478E-02  0.2142E-01      -1  -0.700E-02   20.00
  14   -26.0000   -1163.873 0.1936   0.1290E-04  0.3210E-04 -0.5066E-02  0.1908E-01      -1  -0.647E-02   20.00
  15   -28.0000   -2379.025 0.1700   0.1681E-05  0.1246E-04 -0.3000E-02  0.1457E-01      -1  -0.383E-02   20.00
  16   -30.0000   -5847.192 0.1473   0.1219E-06  0.3668E-05 -0.8099E-03  0.3204E-02      -1  -0.103E-02   20.00
  17   -32.0000   -6968.016 0.1438   0.7821E-07  0.2953E-05 -0.1101E-04  0.1460E-02      -1  -0.141E-04   20.00
  18   -34.0000   -6212.291 0.1461   0.1030E-06  0.3397E-05  0.4746E-04  0.2582E-02      -1   0.606E-04   20.00
  19   -36.0000   -5317.134 0.1495   0.1692E-06  0.4241E-05  0.8617E-04  0.4316E-02      -1   0.110E-03   20.00
  20   -38.0000   -4356.129 0.1540   0.2962E-06  0.5521E-05  0.1461E-03  0.6566E-02      -1   0.187E-03   20.00
  21   -40.0000   -3492.216 0.1594   0.5425E-06  0.7373E-05  0.2326E-03  0.7402E-02      -1   0.297E-03   20.00
  22   -42.0000   -2764.708 0.1655   0.1026E-05  0.1000E-04  0.3590E-03  0.7737E-02      -1   0.459E-03   20.00
  23   -44.0000   -2191.250 0.1722   0.2009E-05  0.1369E-04  0.5552E-03  0.7631E-02      -1   0.709E-03   20.00
  24   -46.0000   -1737.971 0.1795   0.3990E-05  0.1879E-04  0.8541E-03  0.7198E-02      -1   0.109E-02   20.00
  25   -48.0000   -1385.590 0.1872   0.7786E-05  0.2555E-04  0.1282E-02  0.6517E-02      -1   0.164E-02   20.00
  26   -50.0000   -1112.251 0.1953   0.1481E-04  0.3430E-04  0.1869E-02  0.5655E-02      -1   0.239E-02   20.00
  27   -52.0000    -900.101 0.2035   0.2717E-04  0.4532E-04  0.2610E-02  0.4663E-02      -1   0.333E-02   20.00
  28   -54.0000    -735.486 0.2116   0.4699E-04  0.5849E-04  0.3314E-02  0.3571E-02      -1   0.423E-02   20.00
  29   -56.0000    -614.654 0.2193   0.7463E-04  0.7296E-04  0.3751E-02  0.2381E-02      -1   0.479E-02   20.00
  30   -58.0000    -532.035 0.2262   0.1183E-03  0.8893E-04  0.3709E-02  0.1190E-02      -1   0.474E-02   20.00
  31   -60.0000    -477.602 0.2309   0.1508E-03  0.1004E-03  0.2701E-02  0.0000E+00      -1   0.345E-02   20.00
  32   -62.0000    -452.687 0.2335   0.1764E-03  0.1073E-03  0.1318E-02  0.0000E+00      -1   0.168E-02   20.00
  33   -64.0000    -442.425 0.2347   0.1922E-03  0.1110E-03  0.4923E-03  0.0000E+00      -1   0.629E-03   20.00
  34   -66.0000    -438.142 0.2352   0.1988E-03  0.1126E-03  0.9828E-04  0.0000E+00      -1   0.126E-03   20.00
  35   -68.0000    -436.408 0.2355   0.2014E-03  0.1132E-03 -0.8077E-04  0.0000E+00      -1  -0.103E-03   20.00
  36   -70.0000    -435.744 0.2355   0.2025E-03  0.1135E-03 -0.1566E-03  0.0000E+00      -1  -0.200E-03   20.00
  37   -72.0000    -435.504 0.2356   0.2028E-03  0.1135E-03 -0.1865E-03  0.0000E+00      -1  -0.238E-03   20.00
  38   -74.0000    -435.422 0.2356   0.2030E-03  0.1136E-03 -0.1974E-03  0.0000E+00      -1  -0.252E-03   20.00
  39   -76.0000    -435.395 0.2356   0.2030E-03  0.1136E-03 -0.2012E-03  0.0000E+00      -1  -0.257E-03   20.00
  40   -78.0000    -435.387 0.2356   0.2030E-03  0.1136E-03 -0.2025E-03  0.0000E+00      -1  -0.259E-03   20.00
  41   -80.0000    -435.384 0.2356   0.2030E-03  0.1136E-03 -0.2029E-03  0.0000E+00      -1  -0.259E-03   20.00
  42   -82.0000    -435.384 0.2356   0.2030E-03  0.1136E-03 -0.2030E-03  0.0000E+00      -1  -0.259E-03   20.00
  43   -84.0000    -435.383 0.2356   0.2030E-03  0.1136E-03 -0.2030E-03  0.0000E+00      -1  -0.259E-03   20.00
  44   -86.0000    -435.383 0.2356   0.2030E-03  0.1136E-03 -0.2030E-03  0.0000E+00      -1  -0.259E-03   20.00
  45   -88.0000    -435.383 0.2356   0.2030E-03  0.1136E-03 -0.2030E-03  0.0000E+00      -1  -0.259E-03   20.00
  46   -90.0000    -435.383 0.2356   0.2030E-03  0.1136E-03 -0.2030E-03  0.0000E+00      -1  -0.259E-03   20.00
  47   -92.0000    -435.383 0.2356   0.2030E-03  0.1136E-03 -0.2030E-03  0.0000E+00      -1  -0.259E-03   20.00
  48   -94.0000    -435.383 0.2356   0.2030E-03  0.1136E-03 -0.2030E-03  0.0000E+00      -1  -0.259E-03   20.00
  49   -96.0000    -435.383 0.2356   0.2030E-03  0.1136E-03 -0.2030E-03  0.0000E+00      -1  -0.259E-03   20.00
  50   -98.0000    -435.383 0.2356   0.2030E-03  0.1136E-03 -0.2030E-03  0.0000E+00      -1  -0.259E-03   20.00
  51  -100.0000    -435.383 0.2356   0.2030E-03  0.1136E-03 -0.2030E-03  0.0000E+00      -1  -0.259E-03   20.00
  52  -102.0000    -435.383 0.2356   0.2030E-03  0.1136E-03 -0.2030E-03  0.0000E+00      -1  -0.259E-03   20.00
  53  -104.0000    -435.383 0.2356   0.2030E-03  0.1136E-03 -0.2030E-03  0.0000E+00      -1  -0.259E-03   20.00
  54  -106.0000    -435.383 0.2356   0.2030E-03  0.1136E-03 -0.2030E-03  0.0000E+00      -1  -0.259E-03   20.00
  55  -108.0000    -435.383 0.2356   0.2030E-03  0.1136E-03 -0.2030E-03  0.0000E+00      -1  -0.259E-03   20.00
  56  -110.0000    -435.383 0.2356   0.2030E-03  0.1136E-03 -0.2030E-03  0.0000E+00      -1  -0.259E-03   20.00
  57  -112.0000    -435.383 0.2356   0.2030E-03  0.1136E-03 -0.2030E-03  0.0000E+00      -1  -0.259E-03   20.00
  58  -114.0000    -435.383 0.2356   0.2030E-03  0.1136E-03 -0.2030E-03  0.0000E+00      -1  -0.259E-03   20.00
  59  -116.0000    -435.383 0.2356   0.2030E-03  0.1136E-03 -0.2030E-03  0.0000E+00      -1  -0.259E-03   20.00
  60  -118.0000    -435.383 0.2356   0.2030E-03  0.1136E-03 -0.2030E-03  0.0000E+00      -1  -0.259E-03   20.00
  61  -120.0000    -435.383 0.2356   0.2030E-03  0.1136E-03 -0.2030E-03  0.0000E+00      -1  -0.259E-03   20.00
  62  -122.0000    -435.383 0.2356   0.2030E-03  0.1136E-03 -0.2030E-03  0.0000E+00      -1  -0.259E-03   20.00
  63  -124.0000    -435.383 0.2356   0.2030E-03  0.1136E-03 -0.2030E-03  0.0000E+00      -1  -0.259E-03   20.00
  64  -126.0000    -435.383 0.2356   0.2030E-03  0.1136E-03 -0.2030E-03  0.0000E+00      -1  -0.259E-03   20.00
  65  -128.0000    -435.383 0.2356   0.2030E-03  0.1136E-03 -0.2030E-03  0.0000E+00      -1  -0.259E-03   20.00
  66  -130.0000    -435.383 0.2356   0.2030E-03  0.1136E-03 -0.2030E-03  0.0000E+00      -1  -0.259E-03   20.00
  67  -132.0000    -435.383 0.2356   0.2030E-03  0.1136E-03 -0.2030E-03  0.0000E+00      -1  -0.259E-03   20.00
  68  -134.0000    -435.383 0.2356   0.2030E-03  0.1136E-03 -0.2030E-03  0.0000E+00      -1  -0.259E-03   20.00
  69  -136.0000    -435.383 0.2356   0.2030E-03  0.1136E-03 -0.2030E-03  0.0000E+00      -1  -0.259E-03   20.00
  70  -138.0000    -435.383 0.2356   0.2030E-03  0.1136E-03 -0.2030E-03  0.0000E+00      -1  -0.259E-03   20.00
  71  -140.0000    -435.383 0.2356   0.2030E-03  0.1136E-03 -0.2030E-03  0.0000E+00      -1  -0.259E-03   20.00
  72  -142.0000    -435.383 0.2356   0.2030E-03  0.1136E-03 -0.2030E-03  0.0000E+00      -1  -0.259E-03   20.00
  73  -144.0000    -435.383 0.2356   0.2030E-03  0.1136E-03 -0.2030E-03  0.0000E+00      -1  -0.259E-03   20.00
  74  -146.0000    -435.383 0.2356   0.2030E-03  0.1136E-03 -0.2030E-03  0.0000E+00      -1  -0.259E-03   20.00
  75  -148.0000    -435.383 0.2356   0.2030E-03  0.1136E-03 -0.2030E-03  0.0000E+00      -1  -0.259E-03   20.00
  76  -150.0000    -435.383 0.2356   0.2030E-03  0.1136E-03 -0.2030E-03  0.0000E+00      -1  -0.259E-03   20.00
  77  -152.0000    -435.383 0.2356   0.2030E-03  0.1136E-03 -0.2030E-03  0.0000E+00      -1  -0.259E-03   20.00
  78  -154.0000    -435.383 0.2356   0.2030E-03  0.1136E-03 -0.2030E-03  0.0000E+00      -1  -0.259E-03   20.00
  79  -156.0000    -435.383 0.2356   0.2030E-03  0.1136E-03 -0.2030E-03  0.0000E+00      -1  -0.259E-03   20.00
  80  -158.0000    -435.383 0.2356   0.2030E-03  0.1136E-03 -0.2030E-03  0.0000E+00      -1  -0.259E-03   20.00
  81  -160.0000    -435.383 0.2356   0.2030E-03  0.1136E-03 -0.2030E-03  0.0000E+00      -1  -0.259E-03   20.00
  82  -162.0000    -435.383 0.2356   0.2030E-03  0.1136E-03 -0.2030E-03  0.0000E+00      -1  -0.259E-03   20.00
  83  -164.0000    -435.383 0.2356   0.2030E-03  0.1136E-03 -0.2030E-03  0.0000E+00      -1  -0.259E-03   20.00
  84  -166.0000    -435.383 0.2356   0.2030E-03  0.1136E-03 -0.2030E-03  0.0000E+00      -1  -0.259E-03   20.00
  85  -168.0000    -435.383 0.2356   0.2030E-03  0.1136E-03 -0.2030E-03  0.0000E+00      -1  -0.259E-03   20.00
  86  -170.0000    -435.383 0.2356   0.2030E-03  0.1136E-03 -0.2030E-03  0.0000E+00      -1  -0.259E-03   20.00
  87  -172.0000    -435.383 0.2356   0.2030E-03  0.1136E-03 -0.2030E-03  0.0000E+00      -1  -0.259E-03   20.00
  88  -174.0000    -435.383 0.2356   0.2030E-03  0.1136E-03 -0.2030E-03  0.0000E+00      -1  -0.259E-03   20.00
  89  -176.0000    -435.383 0.2356   0.2030E-03  0.1136E-03 -0.2030E-03  0.0000E+00      -1  -0.259E-03   20.00
  90  -178.0000    -435.383 0.2356   0.2030E-03  0.1136E-03 -0.2030E-03  0.0000E+00      -1  -0.259E-03   20.00
  91  -180.0000    -435.383 0.2356   0.2030E-03  0.1136E-03 -0.2030E-03  0.0000E+00      -1  -0.259E-03   20.00
  92  -182.0000    -435.383 0.2356   0.2030E-03  0.1136E-03 -0.2030E-03  0.0000E+00      -1  -0.259E-03   20.00
  93  -184.0000    -435.383 0.2356   0.2030E-03  0.1136E-03 -0.2030E-03  0.0000E+00      -1  -0.259E-03   20.00
  94  -186.0000    -435.383 0.2356   0.2030E-03  0.1136E-03 -0.2030E-03  0.0000E+00      -1  -0.259E-03   20.00
  95  -188.0000    -435.383 0.2356   0.2030E-03  0.1136E-03 -0.2030E-03  0.0000E+00      -1  -0.259E-03   20.00
  96  -190.0000    -435.383 0.2356   0.2030E-03  0.1136E-03 -0.2030E-03  0.0000E+00      -1  -0.259E-03   20.00
  97  -192.0000    -435.383 0.2356   0.2030E-03  0.1136E-03 -0.2030E-03  0.0000E+00      -1  -0.259E-03   20.00
  98  -194.0000    -435.383 0.2356   0.2030E-03  0.1136E-03 -0.2030E-03  0.0000E+00      -1  -0.259E-03   20.00
  99  -196.0000    -435.383 0.2356   0.2030E-03  0.1136E-03 -0.2030E-03  0.0000E+00      -1  -0.259E-03   20.00
 100  -198.0000    -435.383 0.2356   0.2030E-03  0.1136E-03 -0.2030E-03  0.0000E+00      -1  -0.259E-03   20.00
 101  -200.0000    -435.383 0.2356   0.2030E-03  0.1136E-03 -0.2030E-03  0.0000E+00      -1  -0.259E-03   20.00
end
